Archive member included to satisfy reference by file (symbol)

c:/program files/microchip/xc32/v4.20/bin/bin/../../lib/gcc/pic32c/8.3.1/../../../../pic32c/lib/thumb/v7e-m+fp/hard\libpic32c.a(data_init_wrapper.o)
                              build/mcp9808/production/_ext/519814254/startup_xc32.o (__pic32c_data_initialization)
c:/program files/microchip/xc32/v4.20/bin/bin/../../lib/gcc/pic32c/8.3.1/../../../../pic32c/lib/thumb/v7e-m+fp/hard\libpic32c.a(data_init_0_1.o)
                              c:/program files/microchip/xc32/v4.20/bin/bin/../../lib/gcc/pic32c/8.3.1/../../../../pic32c/lib/thumb/v7e-m+fp/hard\libpic32c.a(data_init_wrapper.o) (__pic32c_data_initialization_impl)
c:/program files/microchip/xc32/v4.20/bin/bin/../../lib/gcc/pic32c/8.3.1/../../../../pic32c/lib/thumb/v7e-m+fp/hard\libc-musl.a(__libc_start_main.o)
                              build/mcp9808/production/_ext/519814254/startup_xc32.o (__libc_init_array)
c:/program files/microchip/xc32/v4.20/bin/bin/../../lib/gcc/pic32c/8.3.1/../../../../pic32c/lib/thumb/v7e-m+fp/hard\libc-musl.a(libc.o)
                              c:/program files/microchip/xc32/v4.20/bin/bin/../../lib/gcc/pic32c/8.3.1/../../../../pic32c/lib/thumb/v7e-m+fp/hard\libc-musl.a(__libc_start_main.o) (__progname_full)
c:/program files/microchip/xc32/v4.20/bin/bin/../../lib/gcc/pic32c/8.3.1/../../../../pic32c/lib/thumb/v7e-m+fp/hard\libc-musl.a(malloc.o)
                              build/mcp9808/production/_ext/1427623807/sys_command.o (free)
c:/program files/microchip/xc32/v4.20/bin/bin/../../lib/gcc/pic32c/8.3.1/../../../../pic32c/lib/thumb/v7e-m+fp/hard\libc-musl.a(expand_heap.o)
                              c:/program files/microchip/xc32/v4.20/bin/bin/../../lib/gcc/pic32c/8.3.1/../../../../pic32c/lib/thumb/v7e-m+fp/hard\libc-musl.a(malloc.o) (__expand_heap)
c:/program files/microchip/xc32/v4.20/bin/bin/../../lib/gcc/pic32c/8.3.1/../../../../pic32c/lib/thumb/v7e-m+fp/hard\libc-musl.a(vsnprintf.o)
                              build/mcp9808/production/_ext/1427623807/sys_command.o (vsnprintf)
c:/program files/microchip/xc32/v4.20/bin/bin/../../lib/gcc/pic32c/8.3.1/../../../../pic32c/lib/thumb/v7e-m+fp/hard\libc-musl.a(puts.o)
                              build/mcp9808/production/_ext/1360937237/app_mcp9808.o (puts)
c:/program files/microchip/xc32/v4.20/bin/bin/../../lib/gcc/pic32c/8.3.1/../../../../pic32c/lib/thumb/v7e-m+fp/hard\libc-musl.a(sprintf.o)
                              (sprintf)
c:/program files/microchip/xc32/v4.20/bin/bin/../../lib/gcc/pic32c/8.3.1/../../../../pic32c/lib/thumb/v7e-m+fp/hard\libc-musl.a(vsprintf.o)
                              c:/program files/microchip/xc32/v4.20/bin/bin/../../lib/gcc/pic32c/8.3.1/../../../../pic32c/lib/thumb/v7e-m+fp/hard\libc-musl.a(sprintf.o) (vsprintf)
c:/program files/microchip/xc32/v4.20/bin/bin/../../lib/gcc/pic32c/8.3.1/../../../../pic32c/lib/thumb/v7e-m+fp/hard\libc-musl.a(memcpy.o)
                              build/mcp9808/production/_ext/1243884746/drv_mcp9808.o (memcpy)
c:/program files/microchip/xc32/v4.20/bin/bin/../../lib/gcc/pic32c/8.3.1/../../../../pic32c/lib/thumb/v7e-m+fp/hard\libc-musl.a(memset.o)
                              build/mcp9808/production/_ext/1427623807/sys_command.o (memset)
c:/program files/microchip/xc32/v4.20/bin/bin/../../lib/gcc/pic32c/8.3.1/../../../../pic32c/lib/thumb/v7e-m+fp/hard\libc-musl.a(strlen.o)
                              build/mcp9808/production/_ext/1427623807/sys_command.o (strlen)
c:/program files/microchip/xc32/v4.20/bin/bin/../../lib/gcc/pic32c/8.3.1/../../../../pic32c/lib/thumb/v7e-m+fp/hard\libc-musl.a(strchr.o)
                              build/mcp9808/production/_ext/1427623807/sys_command.o (strchr)
c:/program files/microchip/xc32/v4.20/bin/bin/../../lib/gcc/pic32c/8.3.1/../../../../pic32c/lib/thumb/v7e-m+fp/hard\libc-musl.a(strchrnul.o)
                              c:/program files/microchip/xc32/v4.20/bin/bin/../../lib/gcc/pic32c/8.3.1/../../../../pic32c/lib/thumb/v7e-m+fp/hard\libc-musl.a(strchr.o) (__strchrnul)
c:/program files/microchip/xc32/v4.20/bin/bin/../../lib/gcc/pic32c/8.3.1/../../../../pic32c/lib/thumb/v7e-m+fp/hard\libc-musl.a(strcmp.o)
                              build/mcp9808/production/_ext/1427623807/sys_command.o (strcmp)
c:/program files/microchip/xc32/v4.20/bin/bin/../../lib/gcc/pic32c/8.3.1/../../../../pic32c/lib/thumb/v7e-m+fp/hard\libc-musl.a(strcpy.o)
                              build/mcp9808/production/_ext/1427623807/sys_command.o (strcpy)
c:/program files/microchip/xc32/v4.20/bin/bin/../../lib/gcc/pic32c/8.3.1/../../../../pic32c/lib/thumb/v7e-m+fp/hard\libc-musl.a(strncmp.o)
                              build/mcp9808/production/_ext/1427623807/sys_command.o (strncmp)
c:/program files/microchip/xc32/v4.20/bin/bin/../../lib/gcc/pic32c/8.3.1/../../../../pic32c/lib/thumb/v7e-m+fp/hard\libc-musl.a(strncpy.o)
                              build/mcp9808/production/_ext/1427623807/sys_command.o (strncpy)
[...]
Memory Configuration

Name             Origin             Length             Attributes
rom              0x00000000         0x00100000         xrl
ram              0x20000000         0x00040000         xw !r
tcm              0x03000000         0x00000000         xw
bkupram          0x47000000         0x00002000
config_00804000  0x00804000         0x00000004
config_00804008  0x00804008         0x00000004
config_00804004  0x00804004         0x00000004
*default*        0x00000000         0xffffffff

Linker script and memory map

LOAD c:/program files/microchip/xc32/v4.20/bin/bin/../../lib/gcc/pic32c/8.3.1/thumb/v7e-m+fp/hard/crti.o
LOAD c:/program files/microchip/xc32/v4.20/bin/bin/../../lib/gcc/pic32c/8.3.1/thumb/v7e-m+fp/hard/crtbegin.o
LOAD build/mcp9808/production/_ext/1998409442/bsp.o
LOAD build/mcp9808/production/_ext/1243884746/drv_mcp9808.o
LOAD build/mcp9808/production/_ext/136144951/drv_i2c.o
LOAD build/mcp9808/production/_ext/1820763632/osal_freertos.o
LOAD build/mcp9808/production/_ext/1885943492/plib_clock.o
LOAD build/mcp9808/production/_ext/1324637020/plib_cmcc.o
LOAD build/mcp9808/production/_ext/1883794006/plib_evsys.o
LOAD build/mcp9808/production/_ext/1324973556/plib_nvic.o
LOAD build/mcp9808/production/_ext/1541565758/plib_nvmctrl.o
LOAD build/mcp9808/production/_ext/1325026707/plib_port.o
LOAD build/mcp9808/production/_ext/1646999677/plib_sercom6_i2c_master.o
LOAD build/mcp9808/production/_ext/1027107927/plib_sercom1_usart.o
LOAD build/mcp9808/production/_ext/605370968/xc32_monitor.o
LOAD build/mcp9808/production/_ext/1595351133/sys_cache.o
LOAD build/mcp9808/production/_ext/1427623807/sys_command.o
LOAD build/mcp9808/production/_ext/1884335987/sys_console.o
LOAD build/mcp9808/production/_ext/1884335987/sys_console_uart.o
LOAD build/mcp9808/production/_ext/1587138469/sys_int.o
LOAD build/mcp9808/production/_ext/1581363856/sys_reset.o
LOAD build/mcp9808/production/_ext/519814254/startup_xc32.o
LOAD build/mcp9808/production/_ext/519814254/initialization.o
LOAD build/mcp9808/production/_ext/519814254/interrupts.o
LOAD build/mcp9808/production/_ext/519814254/freertos_hooks.o
LOAD build/mcp9808/production/_ext/519814254/libc_syscalls.o
LOAD build/mcp9808/production/_ext/519814254/tasks.o
LOAD build/mcp9808/production/_ext/519814254/exceptions.o
LOAD build/mcp9808/production/_ext/246609638/port.o
LOAD build/mcp9808/production/_ext/1665200909/heap_1.o
LOAD build/mcp9808/production/_ext/404212886/queue.o
LOAD build/mcp9808/production/_ext/404212886/stream_buffer.o
LOAD build/mcp9808/production/_ext/404212886/timers.o
LOAD build/mcp9808/production/_ext/404212886/FreeRTOS_tasks.o
LOAD build/mcp9808/production/_ext/404212886/croutine.o
LOAD build/mcp9808/production/_ext/404212886/list.o
LOAD build/mcp9808/production/_ext/404212886/event_groups.o
LOAD build/mcp9808/production/_ext/1360937237/main.o
LOAD build/mcp9808/production/_ext/1360937237/app_mcp9808.o
                0x00000001                __MPLAB_BUILD = 0x1
                0x00100000                __rom_end = (ORIGIN (rom) + LENGTH (rom))
                0x20040000                __ram_end = (ORIGIN (ram) + LENGTH (ram))

.config_00804000
 *(.config_00804000)

.config_00804008
 *(.config_00804008)

.config_00804004
 *(.config_00804004)

.vectors        0x00000000      0x264
                0x00000000                . = ALIGN (0x4)
                0x00000000                _sfixed = .
 *(.vectors .vectors.* .vectors_default .vectors_default.*)
 .vectors.exception_table
                0x00000000      0x264 build/mcp9808/production/_ext/519814254/interrupts.o
                0x00000000                exception_table
 *(.isr_vector)
 *(.reset*)
 *(.after_vectors)

.text           0x00000264       0x20
                0x00000264                . = ALIGN (0x4)
 *(.glue_7t)
 .glue_7t       0x00000264        0x0 linker stubs
 *(.glue_7)
 .glue_7        0x00000264        0x0 linker stubs
 *(.gnu.linkonce.r.*)
 *(.ARM.extab* .gnu.linkonce.armextab.*)
                0x00000264                . = ALIGN (0x4)
 *(.init)
 .init          0x00000264        0x4 c:/program files/microchip/xc32/v4.20/bin/bin/../../lib/gcc/pic32c/8.3.1/thumb/v7e-m+fp/hard/crti.o
                0x00000264                _init
 .init          0x00000268        0x8 c:/program files/microchip/xc32/v4.20/bin/bin/../../lib/gcc/pic32c/8.3.1/thumb/v7e-m+fp/hard/crtn.o
                0x00000270                . = ALIGN (0x4)
                0x00000270                __preinit_array_start = .
 *(.preinit_array)
                0x00000270                __preinit_array_end = .
                0x00000270                . = ALIGN (0x4)
                0x00000270                __init_array_start = .
 *(SORT_BY_NAME(.init_array.*))
 *(.init_array)
 .init_array    0x00000270        0x4 c:/program files/microchip/xc32/v4.20/bin/bin/../../lib/gcc/pic32c/8.3.1/thumb/v7e-m+fp/hard/crtbegin.o
                0x00000274                __init_array_end = .
                0x00000274                . = ALIGN (0x4)
 *crtbegin.o(.ctors)
 *(EXCLUDE_FILE(*crtend.o) .ctors)
 *(SORT_BY_NAME(.ctors.*))
 *crtend.o(.ctors)
                0x00000274                . = ALIGN (0x4)
 *(.fini)
 .fini          0x00000274        0x4 c:/program files/microchip/xc32/v4.20/bin/bin/../../lib/gcc/pic32c/8.3.1/thumb/v7e-m+fp/hard/crti.o
                0x00000274                _fini
 .fini          0x00000278        0x8 c:/program files/microchip/xc32/v4.20/bin/bin/../../lib/gcc/pic32c/8.3.1/thumb/v7e-m+fp/hard/crtn.o
                0x00000280                . = ALIGN (0x4)
                0x00000280                __fini_array_start = .
 *(.fini_array)
 .fini_array    0x00000280        0x4 c:/program files/microchip/xc32/v4.20/bin/bin/../../lib/gcc/pic32c/8.3.1/thumb/v7e-m+fp/hard/crtbegin.o
 *(SORT_BY_NAME(.fini_array.*))
                0x00000284                __fini_array_end = .
 *crtbegin.o(.dtors)
 *(EXCLUDE_FILE(*crtend.o) .dtors)
 *(SORT_BY_NAME(.dtors.*))
 *crtend.o(.dtors)
                0x00000284                . = ALIGN (0x4)
                0x00000284                _efixed = .
                [!provide]                PROVIDE (__exidx_start = .)

.ARM.exidx      0x00000284        0x8
 *(.ARM.exidx* .gnu.linkonce.armexidx.*)
 .ARM.exidx     0x00000284        0x8 c:/program files/microchip/xc32/v4.20/bin/bin/../../lib/gcc/pic32c/8.3.1/thumb/v7e-m+fp/hard\libgcc.a(_udivmoddi4.o)
                [!provide]                PROVIDE (__exidx_end = .)
                0x0000028c                . = ALIGN (0x4)
                0x0000028c                _etext = .

.bss            0x20000000        0x0
                0x20000000                . = ALIGN (0x4)
                0x20000000                __bss_start__ = .
                0x20000000                _sbss = .
                0x20000000                _szero = .
 *(COMMON)
                0x20000000                . = ALIGN (0x4)
                0x20000000                __bss_end__ = .
                0x20000000                _ebss = .
                0x20000000                _ezero = .
                0x20000000                . = ALIGN (0x4)
                0x20000000                _end = .
                0x2003ffff                _ram_end_ = ((ORIGIN (ram) + LENGTH (ram)) - 0x1)

.bkupram_bss
 *(.bkupram_bss .bkupram_bss.*)
 *(.pbss .pbss.*)
                0x00000400                _min_heap_size = 0x400
START GROUP
LOAD c:/program files/microchip/xc32/v4.20/bin/bin/../../lib/gcc/pic32c/8.3.1/../../../../pic32c/lib/thumb/v7e-m+fp/hard\libpic32c.a
LOAD c:/program files/microchip/xc32/v4.20/bin/bin/../../lib/gcc/pic32c/8.3.1/../../../../pic32c/lib/thumb/v7e-m+fp/hard\libm-emfloat.a
LOAD c:/program files/microchip/xc32/v4.20/bin/bin/../../lib/gcc/pic32c/8.3.1/../../../../pic32c/lib/thumb/v7e-m+fp/hard\libc-musl.a
LOAD c:/program files/microchip/xc32/v4.20/bin/bin/../../lib/gcc/pic32c/8.3.1/../../../../pic32c/lib/thumb/v7e-m+fp/hard\libm-emfloat.a
LOAD c:/program files/microchip/xc32/v4.20/bin/bin/../../lib/gcc/pic32c/8.3.1/thumb/v7e-m+fp/hard\libgcc.a
END GROUP
LOAD c:/program files/microchip/xc32/v4.20/bin/bin/../../lib/gcc/pic32c/8.3.1/thumb/v7e-m+fp/hard/crtend.o
LOAD c:/program files/microchip/xc32/v4.20/bin/bin/../../lib/gcc/pic32c/8.3.1/thumb/v7e-m+fp/hard/crtn.o
OUTPUT(dist/mcp9808/production/driver-mcp9808.X.production.elf elf32-littlearm)
LOAD stack
LOAD data_init

.ARM.attributes
                0x00000000       0x32
 .ARM.attributes
                0x00000000       0x1e c:/program files/microchip/xc32/v4.20/bin/bin/../../lib/gcc/pic32c/8.3.1/thumb/v7e-m+fp/hard/crti.o
 .ARM.attributes
                0x0000001e       0x34 c:/program files/microchip/xc32/v4.20/bin/bin/../../lib/gcc/pic32c/8.3.1/thumb/v7e-m+fp/hard/crtbegin.o
 .ARM.attributes
                0x00000052       0x34 build/mcp9808/production/_ext/1998409442/bsp.o
 .ARM.attributes
                0x00000086       0x34 build/mcp9808/production/_ext/1243884746/drv_mcp9808.o
 .ARM.attributes
                0x000000ba       0x34 build/mcp9808/production/_ext/136144951/drv_i2c.o
 .ARM.attributes
                0x000000ee       0x34 build/mcp9808/production/_ext/1820763632/osal_freertos.o
 .ARM.attributes
                0x00000122       0x34 build/mcp9808/production/_ext/1885943492/plib_clock.o
 .ARM.attributes
                0x00000156       0x34 build/mcp9808/production/_ext/1883794006/plib_evsys.o
 .ARM.attributes
                0x0000018a       0x34 build/mcp9808/production/_ext/1324973556/plib_nvic.o
 .ARM.attributes
                0x000001be       0x34 build/mcp9808/production/_ext/1541565758/plib_nvmctrl.o
 .ARM.attributes
                0x000001f2       0x34 build/mcp9808/production/_ext/1325026707/plib_port.o
 .ARM.attributes
                0x00000226       0x34 build/mcp9808/production/_ext/1646999677/plib_sercom6_i2c_master.o
 .ARM.attributes
                0x0000025a       0x34 build/mcp9808/production/_ext/1027107927/plib_sercom1_usart.o
 .ARM.attributes
                0x0000028e       0x34 build/mcp9808/production/_ext/605370968/xc32_monitor.o
 .ARM.attributes
                0x000002c2       0x34 build/mcp9808/production/_ext/1427623807/sys_command.o
 .ARM.attributes
                0x000002f6       0x34 build/mcp9808/production/_ext/1884335987/sys_console.o
 .ARM.attributes
                0x0000032a       0x34 build/mcp9808/production/_ext/1884335987/sys_console_uart.o
 .ARM.attributes
                0x0000035e       0x34 build/mcp9808/production/_ext/1587138469/sys_int.o
 .ARM.attributes
                0x00000392       0x34 build/mcp9808/production/_ext/1581363856/sys_reset.o
 .ARM.attributes
                0x000003c6       0x34 build/mcp9808/production/_ext/519814254/startup_xc32.o
 .ARM.attributes
                0x000003fa       0x34 build/mcp9808/production/_ext/519814254/initialization.o
 .ARM.attributes
                0x0000042e       0x34 build/mcp9808/production/_ext/519814254/interrupts.o
 .ARM.attributes
                0x00000462       0x34 build/mcp9808/production/_ext/519814254/freertos_hooks.o
 .ARM.attributes
                0x00000496       0x34 build/mcp9808/production/_ext/519814254/tasks.o
 .ARM.attributes
                0x000004ca       0x34 build/mcp9808/production/_ext/519814254/exceptions.o
 .ARM.attributes
                0x000004fe       0x34 build/mcp9808/production/_ext/246609638/port.o
 .ARM.attributes
                0x00000532       0x34 build/mcp9808/production/_ext/1665200909/heap_1.o
 .ARM.attributes
                0x00000566       0x34 build/mcp9808/production/_ext/404212886/queue.o
 .ARM.attributes
                0x0000059a       0x34 build/mcp9808/production/_ext/404212886/FreeRTOS_tasks.o
 .ARM.attributes
                0x000005ce       0x34 build/mcp9808/production/_ext/404212886/list.o
 .ARM.attributes
                0x00000602       0x34 build/mcp9808/production/_ext/1360937237/main.o
 .ARM.attributes
                0x00000636       0x34 build/mcp9808/production/_ext/1360937237/app_mcp9808.o
 .ARM.attributes
                0x0000066a       0x34 c:/program files/microchip/xc32/v4.20/bin/bin/../../lib/gcc/pic32c/8.3.1/../../../../pic32c/lib/thumb/v7e-m+fp/hard\libpic32c.a(data_init_wrapper.o)
 .ARM.attributes
                0x0000069e       0x34 c:/program files/microchip/xc32/v4.20/bin/bin/../../lib/gcc/pic32c/8.3.1/../../../../pic32c/lib/thumb/v7e-m+fp/hard\libpic32c.a(data_init_0_1.o)
 .ARM.attributes
                0x000006d2       0x36 c:/program files/microchip/xc32/v4.20/bin/bin/../../lib/gcc/pic32c/8.3.1/../../../../pic32c/lib/thumb/v7e-m+fp/hard\libc-musl.a(__libc_start_main.o)
 .ARM.attributes
                0x00000708       0x34 c:/program files/microchip/xc32/v4.20/bin/bin/../../lib/gcc/pic32c/8.3.1/../../../../pic32c/lib/thumb/v7e-m+fp/hard\libc-musl.a(libc.o)
 .ARM.attributes
                0x0000073c       0x36 c:/program files/microchip/xc32/v4.20/bin/bin/../../lib/gcc/pic32c/8.3.1/../../../../pic32c/lib/thumb/v7e-m+fp/hard\libc-musl.a(malloc.o)
 .ARM.attributes
                0x00000772       0x36 c:/program files/microchip/xc32/v4.20/bin/bin/../../lib/gcc/pic32c/8.3.1/../../../../pic32c/lib/thumb/v7e-m+fp/hard\libc-musl.a(vsnprintf.o)
 .ARM.attributes
                0x000007a8       0x36 c:/program files/microchip/xc32/v4.20/bin/bin/../../lib/gcc/pic32c/8.3.1/../../../../pic32c/lib/thumb/v7e-m+fp/hard\libc-musl.a(puts.o)
 .ARM.attributes
                0x000007de       0x36 c:/program files/microchip/xc32/v4.20/bin/bin/../../lib/gcc/pic32c/8.3.1/../../../../pic32c/lib/thumb/v7e-m+fp/hard\libc-musl.a(sprintf.o)
 .ARM.attributes
                0x00000814       0x36 c:/program files/microchip/xc32/v4.20/bin/bin/../../lib/gcc/pic32c/8.3.1/../../../../pic32c/lib/thumb/v7e-m+fp/hard\libc-musl.a(vsprintf.o)
 .ARM.attributes
                0x0000084a       0x36 c:/program files/microchip/xc32/v4.20/bin/bin/../../lib/gcc/pic32c/8.3.1/../../../../pic32c/lib/thumb/v7e-m+fp/hard\libc-musl.a(memcpy.o)
 .ARM.attributes
                0x00000880       0x36 c:/program files/microchip/xc32/v4.20/bin/bin/../../lib/gcc/pic32c/8.3.1/../../../../pic32c/lib/thumb/v7e-m+fp/hard\libc-musl.a(memset.o)
 .ARM.attributes
                0x000008b6       0x36 c:/program files/microchip/xc32/v4.20/bin/bin/../../lib/gcc/pic32c/8.3.1/../../../../pic32c/lib/thumb/v7e-m+fp/hard\libc-musl.a(strlen.o)
 .ARM.attributes
                0x000008ec       0x36 c:/program files/microchip/xc32/v4.20/bin/bin/../../lib/gcc/pic32c/8.3.1/../../../../pic32c/lib/thumb/v7e-m+fp/hard\libc-musl.a(strchr.o)
 .ARM.attributes
                0x00000922       0x36 c:/program files/microchip/xc32/v4.20/bin/bin/../../lib/gcc/pic32c/8.3.1/../../../../pic32c/lib/thumb/v7e-m+fp/hard\libc-musl.a(strchrnul.o)
 .ARM.attributes
                0x00000958       0x36 c:/program files/microchip/xc32/v4.20/bin/bin/../../lib/gcc/pic32c/8.3.1/../../../../pic32c/lib/thumb/v7e-m+fp/hard\libc-musl.a(strcmp.o)
 .ARM.attributes
                0x0000098e       0x36 c:/program files/microchip/xc32/v4.20/bin/bin/../../lib/gcc/pic32c/8.3.1/../../../../pic32c/lib/thumb/v7e-m+fp/hard\libc-musl.a(strcpy.o)
 .ARM.attributes
                0x000009c4       0x36 c:/program files/microchip/xc32/v4.20/bin/bin/../../lib/gcc/pic32c/8.3.1/../../../../pic32c/lib/thumb/v7e-m+fp/hard\libc-musl.a(strncmp.o)
 .ARM.attributes
                0x000009fa       0x36 c:/program files/microchip/xc32/v4.20/bin/bin/../../lib/gcc/pic32c/8.3.1/../../../../pic32c/lib/thumb/v7e-m+fp/hard\libc-musl.a(strncpy.o)
 .ARM.attributes
                0x00000a30       0x36 c:/program files/microchip/xc32/v4.20/bin/bin/../../lib/gcc/pic32c/8.3.1/../../../../pic32c/lib/thumb/v7e-m+fp/hard\libc-musl.a(strtok.o)
 .ARM.attributes
                0x00000a66       0x34 c:/program files/microchip/xc32/v4.20/bin/bin/../../lib/gcc/pic32c/8.3.1/../../../../pic32c/lib/thumb/v7e-m+fp/hard\libc-musl.a(__environ.o)
 .ARM.attributes
                0x00000a9a       0x34 c:/program files/microchip/xc32/v4.20/bin/bin/../../lib/gcc/pic32c/8.3.1/../../../../pic32c/lib/thumb/v7e-m+fp/hard\libc-musl.a(__errno_location.o)
 .ARM.attributes
                0x00000ace       0x36 c:/program files/microchip/xc32/v4.20/bin/bin/../../lib/gcc/pic32c/8.3.1/../../../../pic32c/lib/thumb/v7e-m+fp/hard\libc-musl.a(fputs.o)
 .ARM.attributes
                0x00000b04       0x36 c:/program files/microchip/xc32/v4.20/bin/bin/../../lib/gcc/pic32c/8.3.1/../../../../pic32c/lib/thumb/v7e-m+fp/hard\libc-musl.a(fwrite.o)
 .ARM.attributes
                0x00000b3a       0x36 c:/program files/microchip/xc32/v4.20/bin/bin/../../lib/gcc/pic32c/8.3.1/../../../../pic32c/lib/thumb/v7e-m+fp/hard\libc-musl.a(putc.o)
 .ARM.attributes
                0x00000b70       0x36 c:/program files/microchip/xc32/v4.20/bin/bin/../../lib/gcc/pic32c/8.3.1/../../../../pic32c/lib/thumb/v7e-m+fp/hard\libc-musl.a(stdout.o)
 .ARM.attributes
                0x00000ba6       0x36 c:/program files/microchip/xc32/v4.20/bin/bin/../../lib/gcc/pic32c/8.3.1/../../../../pic32c/lib/thumb/v7e-m+fp/hard\libc-musl.a(vfprintf.o)
 .ARM.attributes
                0x00000bdc       0x36 c:/program files/microchip/xc32/v4.20/bin/bin/../../lib/gcc/pic32c/8.3.1/../../../../pic32c/lib/thumb/v7e-m+fp/hard\libc-musl.a(stpcpy.o)
 .ARM.attributes
                0x00000c12       0x36 c:/program files/microchip/xc32/v4.20/bin/bin/../../lib/gcc/pic32c/8.3.1/../../../../pic32c/lib/thumb/v7e-m+fp/hard\libc-musl.a(stpncpy.o)
 .ARM.attributes
                0x00000c48       0x36 c:/program files/microchip/xc32/v4.20/bin/bin/../../lib/gcc/pic32c/8.3.1/../../../../pic32c/lib/thumb/v7e-m+fp/hard\libc-musl.a(strcspn.o)
 .ARM.attributes
                0x00000c7e       0x36 c:/program files/microchip/xc32/v4.20/bin/bin/../../lib/gcc/pic32c/8.3.1/../../../../pic32c/lib/thumb/v7e-m+fp/hard\libc-musl.a(strspn.o)
 .ARM.attributes
                0x00000cb4       0x36 c:/program files/microchip/xc32/v4.20/bin/bin/../../lib/gcc/pic32c/8.3.1/../../../../pic32c/lib/thumb/v7e-m+fp/hard\libc-musl.a(__out.o)
 .ARM.attributes
                0x00000cea       0x36 c:/program files/microchip/xc32/v4.20/bin/bin/../../lib/gcc/pic32c/8.3.1/../../../../pic32c/lib/thumb/v7e-m+fp/hard\libc-musl.a(__pop_float.o)
 .ARM.attributes
                0x00000d20       0x36 c:/program files/microchip/xc32/v4.20/bin/bin/../../lib/gcc/pic32c/8.3.1/../../../../pic32c/lib/thumb/v7e-m+fp/hard\libc-musl.a(__pop_int.o)
 .ARM.attributes
                0x00000d56       0x36 c:/program files/microchip/xc32/v4.20/bin/bin/../../lib/gcc/pic32c/8.3.1/../../../../pic32c/lib/thumb/v7e-m+fp/hard\libc-musl.a(__pop_ptr.o)
 .ARM.attributes
                0x00000d8c       0x36 c:/program files/microchip/xc32/v4.20/bin/bin/../../lib/gcc/pic32c/8.3.1/../../../../pic32c/lib/thumb/v7e-m+fp/hard\libc-musl.a(__printf_core.o)
 .ARM.attributes
                0x00000dc2       0x36 c:/program files/microchip/xc32/v4.20/bin/bin/../../lib/gcc/pic32c/8.3.1/../../../../pic32c/lib/thumb/v7e-m+fp/hard\libc-musl.a(atoi.o)
 .ARM.attributes
                0x00000df8       0x36 c:/program files/microchip/xc32/v4.20/bin/bin/../../lib/gcc/pic32c/8.3.1/../../../../pic32c/lib/thumb/v7e-m+fp/hard\libc-musl.a(tolower.o)
 .ARM.attributes
                0x00000e2e       0x36 c:/program files/microchip/xc32/v4.20/bin/bin/../../lib/gcc/pic32c/8.3.1/../../../../pic32c/lib/thumb/v7e-m+fp/hard\libc-musl.a(__fmt_a.o)
 .ARM.attributes
                0x00000e64       0x36 c:/program files/microchip/xc32/v4.20/bin/bin/../../lib/gcc/pic32c/8.3.1/../../../../pic32c/lib/thumb/v7e-m+fp/hard\libc-musl.a(__fmt_d.o)
 .ARM.attributes
                0x00000e9a       0x36 c:/program files/microchip/xc32/v4.20/bin/bin/../../lib/gcc/pic32c/8.3.1/../../../../pic32c/lib/thumb/v7e-m+fp/hard\libc-musl.a(__fmt_fp.o)
 .ARM.attributes
                0x00000ed0       0x36 c:/program files/microchip/xc32/v4.20/bin/bin/../../lib/gcc/pic32c/8.3.1/../../../../pic32c/lib/thumb/v7e-m+fp/hard\libc-musl.a(__fmt_o.o)
 .ARM.attributes
                0x00000f06       0x36 c:/program files/microchip/xc32/v4.20/bin/bin/../../lib/gcc/pic32c/8.3.1/../../../../pic32c/lib/thumb/v7e-m+fp/hard\libc-musl.a(__fmt_s.o)
 .ARM.attributes
                0x00000f3c       0x36 c:/program files/microchip/xc32/v4.20/bin/bin/../../lib/gcc/pic32c/8.3.1/../../../../pic32c/lib/thumb/v7e-m+fp/hard\libc-musl.a(__fmt_u.o)
 .ARM.attributes
                0x00000f72       0x36 c:/program files/microchip/xc32/v4.20/bin/bin/../../lib/gcc/pic32c/8.3.1/../../../../pic32c/lib/thumb/v7e-m+fp/hard\libc-musl.a(__fmt_x.o)
 .ARM.attributes
                0x00000fa8       0x36 c:/program files/microchip/xc32/v4.20/bin/bin/../../lib/gcc/pic32c/8.3.1/../../../../pic32c/lib/thumb/v7e-m+fp/hard\libc-musl.a(__init_stdio.o)
 .ARM.attributes
                0x00000fde       0x36 c:/program files/microchip/xc32/v4.20/bin/bin/../../lib/gcc/pic32c/8.3.1/../../../../pic32c/lib/thumb/v7e-m+fp/hard\libc-musl.a(toupper.o)
 .ARM.attributes
                0x00001014       0x34 c:/program files/microchip/xc32/v4.20/bin/bin/../../lib/gcc/pic32c/8.3.1/../../../../pic32c/lib/thumb/v7e-m+fp/hard\libm-emfloat.a(fma.o)
 .ARM.attributes
                0x00001048       0x34 c:/program files/microchip/xc32/v4.20/bin/bin/../../lib/gcc/pic32c/8.3.1/../../../../pic32c/lib/thumb/v7e-m+fp/hard\libm-emfloat.a(floor.o)
 .ARM.attributes
                0x0000107c       0x20 c:/program files/microchip/xc32/v4.20/bin/bin/../../lib/gcc/pic32c/8.3.1/../../../../pic32c/lib/thumb/v7e-m+fp/hard\libm-emfloat.a(__aeabi_dadd.o)
 .ARM.attributes
                0x0000109c       0x20 c:/program files/microchip/xc32/v4.20/bin/bin/../../lib/gcc/pic32c/8.3.1/../../../../pic32c/lib/thumb/v7e-m+fp/hard\libm-emfloat.a(__aeabi_dsub.o)
 .ARM.attributes
                0x000010bc       0x20 c:/program files/microchip/xc32/v4.20/bin/bin/../../lib/gcc/pic32c/8.3.1/../../../../pic32c/lib/thumb/v7e-m+fp/hard\libm-emfloat.a(__aeabi_dmul.o)
 .ARM.attributes
                0x000010dc       0x20 c:/program files/microchip/xc32/v4.20/bin/bin/../../lib/gcc/pic32c/8.3.1/../../../../pic32c/lib/thumb/v7e-m+fp/hard\libm-emfloat.a(__aeabi_ddiv.o)
 .ARM.attributes
                0x000010fc       0x20 c:/program files/microchip/xc32/v4.20/bin/bin/../../lib/gcc/pic32c/8.3.1/../../../../pic32c/lib/thumb/v7e-m+fp/hard\libm-emfloat.a(__aeabi_dcmple.o)
 .ARM.attributes
                0x0000111c       0x20 c:/program files/microchip/xc32/v4.20/bin/bin/../../lib/gcc/pic32c/8.3.1/../../../../pic32c/lib/thumb/v7e-m+fp/hard\libm-emfloat.a(__aeabi_dcmpeq.o)
 .ARM.attributes
                0x0000113c       0x20 c:/program files/microchip/xc32/v4.20/bin/bin/../../lib/gcc/pic32c/8.3.1/../../../../pic32c/lib/thumb/v7e-m+fp/hard\libm-emfloat.a(__aeabi_dcmpgt.o)
 .ARM.attributes
                0x0000115c       0x20 c:/program files/microchip/xc32/v4.20/bin/bin/../../lib/gcc/pic32c/8.3.1/../../../../pic32c/lib/thumb/v7e-m+fp/hard\libm-emfloat.a(__aeabi_dcmplt.o)
 .ARM.attributes
                0x0000117c       0x20 c:/program files/microchip/xc32/v4.20/bin/bin/../../lib/gcc/pic32c/8.3.1/../../../../pic32c/lib/thumb/v7e-m+fp/hard\libm-emfloat.a(__aeabi_d2iz.o)
 .ARM.attributes
                0x0000119c       0x1e c:/program files/microchip/xc32/v4.20/bin/bin/../../lib/gcc/pic32c/8.3.1/thumb/v7e-m+fp/hard\libgcc.a(_aeabi_uldivmod.o)
 .ARM.attributes
                0x000011ba       0x34 c:/program files/microchip/xc32/v4.20/bin/bin/../../lib/gcc/pic32c/8.3.1/thumb/v7e-m+fp/hard\libgcc.a(_udivmoddi4.o)
 .ARM.attributes
                0x000011ee       0x1e c:/program files/microchip/xc32/v4.20/bin/bin/../../lib/gcc/pic32c/8.3.1/thumb/v7e-m+fp/hard\libgcc.a(_dvmd_tls.o)
 .ARM.attributes
                0x0000120c       0x1e c:/program files/microchip/xc32/v4.20/bin/bin/../../lib/gcc/pic32c/8.3.1/thumb/v7e-m+fp/hard/crtn.o

.comment        0x00000000       0x2b
 .comment       0x00000000       0x2b c:/program files/microchip/xc32/v4.20/bin/bin/../../lib/gcc/pic32c/8.3.1/thumb/v7e-m+fp/hard/crtbegin.o
                                 0x2c (size before relaxing)
 .comment       0x0000002b       0x2c build/mcp9808/production/_ext/1998409442/bsp.o
 .comment       0x0000002b       0x2c build/mcp9808/production/_ext/1243884746/drv_mcp9808.o
 .comment       0x0000002b       0x2c build/mcp9808/production/_ext/136144951/drv_i2c.o
 .comment       0x0000002b       0x2c build/mcp9808/production/_ext/1820763632/osal_freertos.o
 .comment       0x0000002b       0x2c build/mcp9808/production/_ext/1885943492/plib_clock.o
 .comment       0x0000002b       0x2c build/mcp9808/production/_ext/1883794006/plib_evsys.o
 .comment       0x0000002b       0x2c build/mcp9808/production/_ext/1324973556/plib_nvic.o
 .comment       0x0000002b       0x2c build/mcp9808/production/_ext/1541565758/plib_nvmctrl.o
 .comment       0x0000002b       0x2c build/mcp9808/production/_ext/1325026707/plib_port.o
 .comment       0x0000002b       0x2c build/mcp9808/production/_ext/1646999677/plib_sercom6_i2c_master.o
 .comment       0x0000002b       0x2c build/mcp9808/production/_ext/1027107927/plib_sercom1_usart.o
 .comment       0x0000002b       0x2c build/mcp9808/production/_ext/605370968/xc32_monitor.o
 .comment       0x0000002b       0x2c build/mcp9808/production/_ext/1427623807/sys_command.o
 .comment       0x0000002b       0x2c build/mcp9808/production/_ext/1884335987/sys_console.o
 .comment       0x0000002b       0x2c build/mcp9808/production/_ext/1884335987/sys_console_uart.o
 .comment       0x0000002b       0x2c build/mcp9808/production/_ext/1587138469/sys_int.o
 .comment       0x0000002b       0x2c build/mcp9808/production/_ext/1581363856/sys_reset.o
 .comment       0x0000002b       0x2c build/mcp9808/production/_ext/519814254/startup_xc32.o
 .comment       0x0000002b       0x2c build/mcp9808/production/_ext/519814254/initialization.o
 .comment       0x0000002b       0x2c build/mcp9808/production/_ext/519814254/interrupts.o
 .comment       0x0000002b       0x2c build/mcp9808/production/_ext/519814254/freertos_hooks.o
 .comment       0x0000002b       0x2c build/mcp9808/production/_ext/519814254/tasks.o
 .comment       0x0000002b       0x2c build/mcp9808/production/_ext/519814254/exceptions.o
 .comment       0x0000002b       0x2c build/mcp9808/production/_ext/246609638/port.o
 .comment       0x0000002b       0x2c build/mcp9808/production/_ext/1665200909/heap_1.o
 .comment       0x0000002b       0x2c build/mcp9808/production/_ext/404212886/queue.o
 .comment       0x0000002b       0x2c build/mcp9808/production/_ext/404212886/FreeRTOS_tasks.o
 .comment       0x0000002b       0x2c build/mcp9808/production/_ext/404212886/list.o
 .comment       0x0000002b       0x2c build/mcp9808/production/_ext/1360937237/main.o
 .comment       0x0000002b       0x2c build/mcp9808/production/_ext/1360937237/app_mcp9808.o
 .comment       0x0000002b       0x2c c:/program files/microchip/xc32/v4.20/bin/bin/../../lib/gcc/pic32c/8.3.1/../../../../pic32c/lib/thumb/v7e-m+fp/hard\libpic32c.a(data_init_wrapper.o)
 .comment       0x0000002b       0x2c c:/program files/microchip/xc32/v4.20/bin/bin/../../lib/gcc/pic32c/8.3.1/../../../../pic32c/lib/thumb/v7e-m+fp/hard\libpic32c.a(data_init_0_1.o)
 .comment       0x0000002b       0x2c c:/program files/microchip/xc32/v4.20/bin/bin/../../lib/gcc/pic32c/8.3.1/../../../../pic32c/lib/thumb/v7e-m+fp/hard\libc-musl.a(__libc_start_main.o)
 .comment       0x0000002b       0x2c c:/program files/microchip/xc32/v4.20/bin/bin/../../lib/gcc/pic32c/8.3.1/../../../../pic32c/lib/thumb/v7e-m+fp/hard\libc-musl.a(libc.o)
 .comment       0x0000002b       0x2c c:/program files/microchip/xc32/v4.20/bin/bin/../../lib/gcc/pic32c/8.3.1/../../../../pic32c/lib/thumb/v7e-m+fp/hard\libc-musl.a(malloc.o)
 .comment       0x0000002b       0x2c c:/program files/microchip/xc32/v4.20/bin/bin/../../lib/gcc/pic32c/8.3.1/../../../../pic32c/lib/thumb/v7e-m+fp/hard\libc-musl.a(vsnprintf.o)
 .comment       0x0000002b       0x2c c:/program files/microchip/xc32/v4.20/bin/bin/../../lib/gcc/pic32c/8.3.1/../../../../pic32c/lib/thumb/v7e-m+fp/hard\libc-musl.a(puts.o)
 .comment       0x0000002b       0x2c c:/program files/microchip/xc32/v4.20/bin/bin/../../lib/gcc/pic32c/8.3.1/../../../../pic32c/lib/thumb/v7e-m+fp/hard\libc-musl.a(sprintf.o)
 .comment       0x0000002b       0x2c c:/program files/microchip/xc32/v4.20/bin/bin/../../lib/gcc/pic32c/8.3.1/../../../../pic32c/lib/thumb/v7e-m+fp/hard\libc-musl.a(vsprintf.o)
 .comment       0x0000002b       0x2c c:/program files/microchip/xc32/v4.20/bin/bin/../../lib/gcc/pic32c/8.3.1/../../../../pic32c/lib/thumb/v7e-m+fp/hard\libc-musl.a(memcpy.o)
 .comment       0x0000002b       0x2c c:/program files/microchip/xc32/v4.20/bin/bin/../../lib/gcc/pic32c/8.3.1/../../../../pic32c/lib/thumb/v7e-m+fp/hard\libc-musl.a(memset.o)
 .comment       0x0000002b       0x2c c:/program files/microchip/xc32/v4.20/bin/bin/../../lib/gcc/pic32c/8.3.1/../../../../pic32c/lib/thumb/v7e-m+fp/hard\libc-musl.a(strlen.o)
 .comment       0x0000002b       0x2c c:/program files/microchip/xc32/v4.20/bin/bin/../../lib/gcc/pic32c/8.3.1/../../../../pic32c/lib/thumb/v7e-m+fp/hard\libc-musl.a(strchr.o)
 .comment       0x0000002b       0x2c c:/program files/microchip/xc32/v4.20/bin/bin/../../lib/gcc/pic32c/8.3.1/../../../../pic32c/lib/thumb/v7e-m+fp/hard\libc-musl.a(strchrnul.o)
 .comment       0x0000002b       0x2c c:/program files/microchip/xc32/v4.20/bin/bin/../../lib/gcc/pic32c/8.3.1/../../../../pic32c/lib/thumb/v7e-m+fp/hard\libc-musl.a(strcmp.o)
 .comment       0x0000002b       0x2c c:/program files/microchip/xc32/v4.20/bin/bin/../../lib/gcc/pic32c/8.3.1/../../../../pic32c/lib/thumb/v7e-m+fp/hard\libc-musl.a(strcpy.o)
 .comment       0x0000002b       0x2c c:/program files/microchip/xc32/v4.20/bin/bin/../../lib/gcc/pic32c/8.3.1/../../../../pic32c/lib/thumb/v7e-m+fp/hard\libc-musl.a(strncmp.o)
 .comment       0x0000002b       0x2c c:/program files/microchip/xc32/v4.20/bin/bin/../../lib/gcc/pic32c/8.3.1/../../../../pic32c/lib/thumb/v7e-m+fp/hard\libc-musl.a(strncpy.o)
 .comment       0x0000002b       0x2c c:/program files/microchip/xc32/v4.20/bin/bin/../../lib/gcc/pic32c/8.3.1/../../../../pic32c/lib/thumb/v7e-m+fp/hard\libc-musl.a(strtok.o)
 .comment       0x0000002b       0x2c c:/program files/microchip/xc32/v4.20/bin/bin/../../lib/gcc/pic32c/8.3.1/../../../../pic32c/lib/thumb/v7e-m+fp/hard\libc-musl.a(__environ.o)
 .comment       0x0000002b       0x2c c:/program files/microchip/xc32/v4.20/bin/bin/../../lib/gcc/pic32c/8.3.1/../../../../pic32c/lib/thumb/v7e-m+fp/hard\libc-musl.a(__errno_location.o)
 .comment       0x0000002b       0x2c c:/program files/microchip/xc32/v4.20/bin/bin/../../lib/gcc/pic32c/8.3.1/../../../../pic32c/lib/thumb/v7e-m+fp/hard\libc-musl.a(fputs.o)
 .comment       0x0000002b       0x2c c:/program files/microchip/xc32/v4.20/bin/bin/../../lib/gcc/pic32c/8.3.1/../../../../pic32c/lib/thumb/v7e-m+fp/hard\libc-musl.a(fwrite.o)
 .comment       0x0000002b       0x2c c:/program files/microchip/xc32/v4.20/bin/bin/../../lib/gcc/pic32c/8.3.1/../../../../pic32c/lib/thumb/v7e-m+fp/hard\libc-musl.a(putc.o)
 .comment       0x0000002b       0x2c c:/program files/microchip/xc32/v4.20/bin/bin/../../lib/gcc/pic32c/8.3.1/../../../../pic32c/lib/thumb/v7e-m+fp/hard\libc-musl.a(stdout.o)
 .comment       0x0000002b       0x2c c:/program files/microchip/xc32/v4.20/bin/bin/../../lib/gcc/pic32c/8.3.1/../../../../pic32c/lib/thumb/v7e-m+fp/hard\libc-musl.a(vfprintf.o)
 .comment       0x0000002b       0x2c c:/program files/microchip/xc32/v4.20/bin/bin/../../lib/gcc/pic32c/8.3.1/../../../../pic32c/lib/thumb/v7e-m+fp/hard\libc-musl.a(stpcpy.o)
 .comment       0x0000002b       0x2c c:/program files/microchip/xc32/v4.20/bin/bin/../../lib/gcc/pic32c/8.3.1/../../../../pic32c/lib/thumb/v7e-m+fp/hard\libc-musl.a(stpncpy.o)
 .comment       0x0000002b       0x2c c:/program files/microchip/xc32/v4.20/bin/bin/../../lib/gcc/pic32c/8.3.1/../../../../pic32c/lib/thumb/v7e-m+fp/hard\libc-musl.a(strcspn.o)
 .comment       0x0000002b       0x2c c:/program files/microchip/xc32/v4.20/bin/bin/../../lib/gcc/pic32c/8.3.1/../../../../pic32c/lib/thumb/v7e-m+fp/hard\libc-musl.a(strspn.o)
 .comment       0x0000002b       0x2c c:/program files/microchip/xc32/v4.20/bin/bin/../../lib/gcc/pic32c/8.3.1/../../../../pic32c/lib/thumb/v7e-m+fp/hard\libc-musl.a(__out.o)
 .comment       0x0000002b       0x2c c:/program files/microchip/xc32/v4.20/bin/bin/../../lib/gcc/pic32c/8.3.1/../../../../pic32c/lib/thumb/v7e-m+fp/hard\libc-musl.a(__pop_float.o)
 .comment       0x0000002b       0x2c c:/program files/microchip/xc32/v4.20/bin/bin/../../lib/gcc/pic32c/8.3.1/../../../../pic32c/lib/thumb/v7e-m+fp/hard\libc-musl.a(__pop_int.o)
 .comment       0x0000002b       0x2c c:/program files/microchip/xc32/v4.20/bin/bin/../../lib/gcc/pic32c/8.3.1/../../../../pic32c/lib/thumb/v7e-m+fp/hard\libc-musl.a(__pop_ptr.o)
 .comment       0x0000002b       0x2c c:/program files/microchip/xc32/v4.20/bin/bin/../../lib/gcc/pic32c/8.3.1/../../../../pic32c/lib/thumb/v7e-m+fp/hard\libc-musl.a(__printf_core.o)
 .comment       0x0000002b       0x2c c:/program files/microchip/xc32/v4.20/bin/bin/../../lib/gcc/pic32c/8.3.1/../../../../pic32c/lib/thumb/v7e-m+fp/hard\libc-musl.a(atoi.o)
 .comment       0x0000002b       0x2c c:/program files/microchip/xc32/v4.20/bin/bin/../../lib/gcc/pic32c/8.3.1/../../../../pic32c/lib/thumb/v7e-m+fp/hard\libc-musl.a(tolower.o)
 .comment       0x0000002b       0x2c c:/program files/microchip/xc32/v4.20/bin/bin/../../lib/gcc/pic32c/8.3.1/../../../../pic32c/lib/thumb/v7e-m+fp/hard\libc-musl.a(__fmt_a.o)
 .comment       0x0000002b       0x2c c:/program files/microchip/xc32/v4.20/bin/bin/../../lib/gcc/pic32c/8.3.1/../../../../pic32c/lib/thumb/v7e-m+fp/hard\libc-musl.a(__fmt_d.o)
 .comment       0x0000002b       0x2c c:/program files/microchip/xc32/v4.20/bin/bin/../../lib/gcc/pic32c/8.3.1/../../../../pic32c/lib/thumb/v7e-m+fp/hard\libc-musl.a(__fmt_fp.o)
 .comment       0x0000002b       0x2c c:/program files/microchip/xc32/v4.20/bin/bin/../../lib/gcc/pic32c/8.3.1/../../../../pic32c/lib/thumb/v7e-m+fp/hard\libc-musl.a(__fmt_o.o)
 .comment       0x0000002b       0x2c c:/program files/microchip/xc32/v4.20/bin/bin/../../lib/gcc/pic32c/8.3.1/../../../../pic32c/lib/thumb/v7e-m+fp/hard\libc-musl.a(__fmt_s.o)
 .comment       0x0000002b       0x2c c:/program files/microchip/xc32/v4.20/bin/bin/../../lib/gcc/pic32c/8.3.1/../../../../pic32c/lib/thumb/v7e-m+fp/hard\libc-musl.a(__fmt_u.o)
 .comment       0x0000002b       0x2c c:/program files/microchip/xc32/v4.20/bin/bin/../../lib/gcc/pic32c/8.3.1/../../../../pic32c/lib/thumb/v7e-m+fp/hard\libc-musl.a(__fmt_x.o)
 .comment       0x0000002b       0x2c c:/program files/microchip/xc32/v4.20/bin/bin/../../lib/gcc/pic32c/8.3.1/../../../../pic32c/lib/thumb/v7e-m+fp/hard\libc-musl.a(__init_stdio.o)
 .comment       0x0000002b       0x2c c:/program files/microchip/xc32/v4.20/bin/bin/../../lib/gcc/pic32c/8.3.1/../../../../pic32c/lib/thumb/v7e-m+fp/hard\libc-musl.a(toupper.o)
 .comment       0x0000002b       0x2c c:/program files/microchip/xc32/v4.20/bin/bin/../../lib/gcc/pic32c/8.3.1/../../../../pic32c/lib/thumb/v7e-m+fp/hard\libm-emfloat.a(fma.o)
 .comment       0x0000002b       0x2c c:/program files/microchip/xc32/v4.20/bin/bin/../../lib/gcc/pic32c/8.3.1/../../../../pic32c/lib/thumb/v7e-m+fp/hard\libm-emfloat.a(floor.o)
 .comment       0x0000002b       0x2c c:/program files/microchip/xc32/v4.20/bin/bin/../../lib/gcc/pic32c/8.3.1/thumb/v7e-m+fp/hard\libgcc.a(_udivmoddi4.o)

.debug_info     0x00000000    0x2f18e
 .debug_info    0x00000000      0x535 build/mcp9808/production/_ext/1998409442/bsp.o
 .debug_info    0x00000535     0x1827 build/mcp9808/production/_ext/1243884746/drv_mcp9808.o
 .debug_info    0x00001d5c     0x314a build/mcp9808/production/_ext/136144951/drv_i2c.o
 .debug_info    0x00004ea6      0xb97 build/mcp9808/production/_ext/1820763632/osal_freertos.o
 .debug_info    0x00005a3d      0xb57 build/mcp9808/production/_ext/1885943492/plib_clock.o
 .debug_info    0x00006594      0x313 build/mcp9808/production/_ext/1883794006/plib_evsys.o
 .debug_info    0x000068a7     0x1694 build/mcp9808/production/_ext/1324973556/plib_nvic.o
 .debug_info    0x00007f3b      0xe52 build/mcp9808/production/_ext/1541565758/plib_nvmctrl.o
 .debug_info    0x00008d8d     0x10bb build/mcp9808/production/_ext/1325026707/plib_port.o
 .debug_info    0x00009e48     0x188e build/mcp9808/production/_ext/1646999677/plib_sercom6_i2c_master.o
 .debug_info    0x0000b6d6     0x20ef build/mcp9808/production/_ext/1027107927/plib_sercom1_usart.o
 .debug_info    0x0000d7c5      0x31d build/mcp9808/production/_ext/605370968/xc32_monitor.o
 .debug_info    0x0000dae2     0x26b6 build/mcp9808/production/_ext/1427623807/sys_command.o
 .debug_info    0x00010198     0x140d build/mcp9808/production/_ext/1884335987/sys_console.o
 .debug_info    0x000115a5     0x13f6 build/mcp9808/production/_ext/1884335987/sys_console_uart.o
 .debug_info    0x0001299b     0x11a5 build/mcp9808/production/_ext/1587138469/sys_int.o
 .debug_info    0x00013b40      0x5a1 build/mcp9808/production/_ext/1581363856/sys_reset.o
 .debug_info    0x000140e1      0x88e build/mcp9808/production/_ext/519814254/startup_xc32.o
 .debug_info    0x0001496f     0x29f3 build/mcp9808/production/_ext/519814254/initialization.o
 .debug_info    0x00017362     0x16d4 build/mcp9808/production/_ext/519814254/interrupts.o
 .debug_info    0x00018a36      0x525 build/mcp9808/production/_ext/519814254/freertos_hooks.o
 .debug_info    0x00018f5b      0x51a build/mcp9808/production/_ext/519814254/tasks.o
 .debug_info    0x00019475      0x3d5 build/mcp9808/production/_ext/519814254/exceptions.o
 .debug_info    0x0001984a      0x780 build/mcp9808/production/_ext/246609638/port.o
 .debug_info    0x00019fca      0x4e0 build/mcp9808/production/_ext/1665200909/heap_1.o
 .debug_info    0x0001a4aa     0x21e7 build/mcp9808/production/_ext/404212886/queue.o
 .debug_info    0x0001c691     0x316d build/mcp9808/production/_ext/404212886/FreeRTOS_tasks.o
 .debug_info    0x0001f7fe      0x62d build/mcp9808/production/_ext/404212886/list.o
 .debug_info    0x0001fe2b      0x32c build/mcp9808/production/_ext/1360937237/main.o
 .debug_info    0x00020157      0xe28 build/mcp9808/production/_ext/1360937237/app_mcp9808.o
 .debug_info    0x00020f7f      0x29e c:/program files/microchip/xc32/v4.20/bin/bin/../../lib/gcc/pic32c/8.3.1/../../../../pic32c/lib/thumb/v7e-m+fp/hard\libpic32c.a(data_init_wrapper.o)
 .debug_info    0x0002121d      0x2a1 c:/program files/microchip/xc32/v4.20/bin/bin/../../lib/gcc/pic32c/8.3.1/../../../../pic32c/lib/thumb/v7e-m+fp/hard\libpic32c.a(data_init_0_1.o)
 .debug_info    0x000214be      0x61f c:/program files/microchip/xc32/v4.20/bin/bin/../../lib/gcc/pic32c/8.3.1/../../../../pic32c/lib/thumb/v7e-m+fp/hard\libc-musl.a(__libc_start_main.o)
 .debug_info    0x00021add      0x531 c:/program files/microchip/xc32/v4.20/bin/bin/../../lib/gcc/pic32c/8.3.1/../../../../pic32c/lib/thumb/v7e-m+fp/hard\libc-musl.a(libc.o)
 .debug_info    0x0002200e     0x13a1 c:/program files/microchip/xc32/v4.20/bin/bin/../../lib/gcc/pic32c/8.3.1/../../../../pic32c/lib/thumb/v7e-m+fp/hard\libc-musl.a(malloc.o)
 .debug_info    0x000233af      0x6fd c:/program files/microchip/xc32/v4.20/bin/bin/../../lib/gcc/pic32c/8.3.1/../../../../pic32c/lib/thumb/v7e-m+fp/hard\libc-musl.a(vsnprintf.o)
 .debug_info    0x00023aac      0x643 c:/program files/microchip/xc32/v4.20/bin/bin/../../lib/gcc/pic32c/8.3.1/../../../../pic32c/lib/thumb/v7e-m+fp/hard\libc-musl.a(puts.o)
 .debug_info    0x000240ef      0x319 c:/program files/microchip/xc32/v4.20/bin/bin/../../lib/gcc/pic32c/8.3.1/../../../../pic32c/lib/thumb/v7e-m+fp/hard\libc-musl.a(sprintf.o)
 .debug_info    0x00024408      0x313 c:/program files/microchip/xc32/v4.20/bin/bin/../../lib/gcc/pic32c/8.3.1/../../../../pic32c/lib/thumb/v7e-m+fp/hard\libc-musl.a(vsprintf.o)
 .debug_info    0x0002471b      0x2ed c:/program files/microchip/xc32/v4.20/bin/bin/../../lib/gcc/pic32c/8.3.1/../../../../pic32c/lib/thumb/v7e-m+fp/hard\libc-musl.a(memcpy.o)
 .debug_info    0x00024a08      0x2b1 c:/program files/microchip/xc32/v4.20/bin/bin/../../lib/gcc/pic32c/8.3.1/../../../../pic32c/lib/thumb/v7e-m+fp/hard\libc-musl.a(memset.o)
 .debug_info    0x00024cb9      0x2a2 c:/program files/microchip/xc32/v4.20/bin/bin/../../lib/gcc/pic32c/8.3.1/../../../../pic32c/lib/thumb/v7e-m+fp/hard\libc-musl.a(strlen.o)
 .debug_info    0x00024f5b      0x2c4 c:/program files/microchip/xc32/v4.20/bin/bin/../../lib/gcc/pic32c/8.3.1/../../../../pic32c/lib/thumb/v7e-m+fp/hard\libc-musl.a(strchr.o)
 .debug_info    0x0002521f      0x38c c:/program files/microchip/xc32/v4.20/bin/bin/../../lib/gcc/pic32c/8.3.1/../../../../pic32c/lib/thumb/v7e-m+fp/hard\libc-musl.a(strchrnul.o)
 .debug_info    0x000255ab      0x287 c:/program files/microchip/xc32/v4.20/bin/bin/../../lib/gcc/pic32c/8.3.1/../../../../pic32c/lib/thumb/v7e-m+fp/hard\libc-musl.a(strcmp.o)
 .debug_info    0x00025832      0x2b0 c:/program files/microchip/xc32/v4.20/bin/bin/../../lib/gcc/pic32c/8.3.1/../../../../pic32c/lib/thumb/v7e-m+fp/hard\libc-musl.a(strcpy.o)
 .debug_info    0x00025ae2      0x2ec c:/program files/microchip/xc32/v4.20/bin/bin/../../lib/gcc/pic32c/8.3.1/../../../../pic32c/lib/thumb/v7e-m+fp/hard\libc-musl.a(strncmp.o)
 .debug_info    0x00025dce      0x2d5 c:/program files/microchip/xc32/v4.20/bin/bin/../../lib/gcc/pic32c/8.3.1/../../../../pic32c/lib/thumb/v7e-m+fp/hard\libc-musl.a(strncpy.o)
 .debug_info    0x000260a3      0x2f2 c:/program files/microchip/xc32/v4.20/bin/bin/../../lib/gcc/pic32c/8.3.1/../../../../pic32c/lib/thumb/v7e-m+fp/hard\libc-musl.a(strtok.o)
 .debug_info    0x00026395      0x2ab c:/program files/microchip/xc32/v4.20/bin/bin/../../lib/gcc/pic32c/8.3.1/../../../../pic32c/lib/thumb/v7e-m+fp/hard\libc-musl.a(__environ.o)
 .debug_info    0x00026640      0x26f c:/program files/microchip/xc32/v4.20/bin/bin/../../lib/gcc/pic32c/8.3.1/../../../../pic32c/lib/thumb/v7e-m+fp/hard\libc-musl.a(__errno_location.o)
 .debug_info    0x000268af      0x653 c:/program files/microchip/xc32/v4.20/bin/bin/../../lib/gcc/pic32c/8.3.1/../../../../pic32c/lib/thumb/v7e-m+fp/hard\libc-musl.a(fputs.o)
 .debug_info    0x00026f02      0x4cf c:/program files/microchip/xc32/v4.20/bin/bin/../../lib/gcc/pic32c/8.3.1/../../../../pic32c/lib/thumb/v7e-m+fp/hard\libc-musl.a(fwrite.o)
 .debug_info    0x000273d1      0x4a3 c:/program files/microchip/xc32/v4.20/bin/bin/../../lib/gcc/pic32c/8.3.1/../../../../pic32c/lib/thumb/v7e-m+fp/hard\libc-musl.a(putc.o)
 .debug_info    0x00027874      0x47f c:/program files/microchip/xc32/v4.20/bin/bin/../../lib/gcc/pic32c/8.3.1/../../../../pic32c/lib/thumb/v7e-m+fp/hard\libc-musl.a(stdout.o)
 .debug_info    0x00027cf3      0x6be c:/program files/microchip/xc32/v4.20/bin/bin/../../lib/gcc/pic32c/8.3.1/../../../../pic32c/lib/thumb/v7e-m+fp/hard\libc-musl.a(vfprintf.o)
 .debug_info    0x000283b1      0x2b4 c:/program files/microchip/xc32/v4.20/bin/bin/../../lib/gcc/pic32c/8.3.1/../../../../pic32c/lib/thumb/v7e-m+fp/hard\libc-musl.a(stpcpy.o)
 .debug_info    0x00028665      0x2f0 c:/program files/microchip/xc32/v4.20/bin/bin/../../lib/gcc/pic32c/8.3.1/../../../../pic32c/lib/thumb/v7e-m+fp/hard\libc-musl.a(stpncpy.o)
 .debug_info    0x00028955      0x317 c:/program files/microchip/xc32/v4.20/bin/bin/../../lib/gcc/pic32c/8.3.1/../../../../pic32c/lib/thumb/v7e-m+fp/hard\libc-musl.a(strcspn.o)
 .debug_info    0x00028c6c      0x2fc c:/program files/microchip/xc32/v4.20/bin/bin/../../lib/gcc/pic32c/8.3.1/../../../../pic32c/lib/thumb/v7e-m+fp/hard\libc-musl.a(strspn.o)
 .debug_info    0x00028f68      0x534 c:/program files/microchip/xc32/v4.20/bin/bin/../../lib/gcc/pic32c/8.3.1/../../../../pic32c/lib/thumb/v7e-m+fp/hard\libc-musl.a(__out.o)
 .debug_info    0x0002949c      0x3d9 c:/program files/microchip/xc32/v4.20/bin/bin/../../lib/gcc/pic32c/8.3.1/../../../../pic32c/lib/thumb/v7e-m+fp/hard\libc-musl.a(__pop_float.o)
 .debug_info    0x00029875      0x3fd c:/program files/microchip/xc32/v4.20/bin/bin/../../lib/gcc/pic32c/8.3.1/../../../../pic32c/lib/thumb/v7e-m+fp/hard\libc-musl.a(__pop_int.o)
 .debug_info    0x00029c72      0x403 c:/program files/microchip/xc32/v4.20/bin/bin/../../lib/gcc/pic32c/8.3.1/../../../../pic32c/lib/thumb/v7e-m+fp/hard\libc-musl.a(__pop_ptr.o)
 .debug_info    0x0002a075      0xd2f c:/program files/microchip/xc32/v4.20/bin/bin/../../lib/gcc/pic32c/8.3.1/../../../../pic32c/lib/thumb/v7e-m+fp/hard\libc-musl.a(__printf_core.o)
 .debug_info    0x0002ada4      0x2f7 c:/program files/microchip/xc32/v4.20/bin/bin/../../lib/gcc/pic32c/8.3.1/../../../../pic32c/lib/thumb/v7e-m+fp/hard\libc-musl.a(atoi.o)
 .debug_info    0x0002b09b      0x34f c:/program files/microchip/xc32/v4.20/bin/bin/../../lib/gcc/pic32c/8.3.1/../../../../pic32c/lib/thumb/v7e-m+fp/hard\libc-musl.a(tolower.o)
 .debug_info    0x0002b3ea      0x903 c:/program files/microchip/xc32/v4.20/bin/bin/../../lib/gcc/pic32c/8.3.1/../../../../pic32c/lib/thumb/v7e-m+fp/hard\libc-musl.a(__fmt_a.o)
 .debug_info    0x0002bced      0x5be c:/program files/microchip/xc32/v4.20/bin/bin/../../lib/gcc/pic32c/8.3.1/../../../../pic32c/lib/thumb/v7e-m+fp/hard\libc-musl.a(__fmt_d.o)
 .debug_info    0x0002c2ab      0x947 c:/program files/microchip/xc32/v4.20/bin/bin/../../lib/gcc/pic32c/8.3.1/../../../../pic32c/lib/thumb/v7e-m+fp/hard\libc-musl.a(__fmt_fp.o)
 .debug_info    0x0002cbf2      0x58f c:/program files/microchip/xc32/v4.20/bin/bin/../../lib/gcc/pic32c/8.3.1/../../../../pic32c/lib/thumb/v7e-m+fp/hard\libc-musl.a(__fmt_o.o)
 .debug_info    0x0002d181      0x533 c:/program files/microchip/xc32/v4.20/bin/bin/../../lib/gcc/pic32c/8.3.1/../../../../pic32c/lib/thumb/v7e-m+fp/hard\libc-musl.a(__fmt_s.o)
 .debug_info    0x0002d6b4      0x65c c:/program files/microchip/xc32/v4.20/bin/bin/../../lib/gcc/pic32c/8.3.1/../../../../pic32c/lib/thumb/v7e-m+fp/hard\libc-musl.a(__fmt_u.o)
 .debug_info    0x0002dd10      0x5fd c:/program files/microchip/xc32/v4.20/bin/bin/../../lib/gcc/pic32c/8.3.1/../../../../pic32c/lib/thumb/v7e-m+fp/hard\libc-musl.a(__fmt_x.o)
 .debug_info    0x0002e30d      0x328 c:/program files/microchip/xc32/v4.20/bin/bin/../../lib/gcc/pic32c/8.3.1/../../../../pic32c/lib/thumb/v7e-m+fp/hard\libc-musl.a(__init_stdio.o)
 .debug_info    0x0002e635      0x34f c:/program files/microchip/xc32/v4.20/bin/bin/../../lib/gcc/pic32c/8.3.1/../../../../pic32c/lib/thumb/v7e-m+fp/hard\libc-musl.a(toupper.o)
 .debug_info    0x0002e984       0x26 c:/program files/microchip/xc32/v4.20/bin/bin/../../lib/gcc/pic32c/8.3.1/thumb/v7e-m+fp/hard\libgcc.a(_aeabi_uldivmod.o)
 .debug_info    0x0002e9aa      0x7be c:/program files/microchip/xc32/v4.20/bin/bin/../../lib/gcc/pic32c/8.3.1/thumb/v7e-m+fp/hard\libgcc.a(_udivmoddi4.o)
 .debug_info    0x0002f168       0x26 c:/program files/microchip/xc32/v4.20/bin/bin/../../lib/gcc/pic32c/8.3.1/thumb/v7e-m+fp/hard\libgcc.a(_dvmd_tls.o)

.debug_abbrev   0x00000000     0x6d8b
 .debug_abbrev  0x00000000       0xa8 build/mcp9808/production/_ext/1998409442/bsp.o
 .debug_abbrev  0x000000a8      0x366 build/mcp9808/production/_ext/1243884746/drv_mcp9808.o
 .debug_abbrev  0x0000040e      0x4d5 build/mcp9808/production/_ext/136144951/drv_i2c.o
 .debug_abbrev  0x000008e3      0x1ea build/mcp9808/production/_ext/1820763632/osal_freertos.o
 .debug_abbrev  0x00000acd      0x122 build/mcp9808/production/_ext/1885943492/plib_clock.o
 .debug_abbrev  0x00000bef       0x3b build/mcp9808/production/_ext/1883794006/plib_evsys.o
 .debug_abbrev  0x00000c2a      0x1f3 build/mcp9808/production/_ext/1324973556/plib_nvic.o
 .debug_abbrev  0x00000e1d      0x245 build/mcp9808/production/_ext/1541565758/plib_nvmctrl.o
 .debug_abbrev  0x00001062      0x1d6 build/mcp9808/production/_ext/1325026707/plib_port.o
 .debug_abbrev  0x00001238      0x3da build/mcp9808/production/_ext/1646999677/plib_sercom6_i2c_master.o
 .debug_abbrev  0x00001612      0x476 build/mcp9808/production/_ext/1027107927/plib_sercom1_usart.o
 .debug_abbrev  0x00001a88       0x96 build/mcp9808/production/_ext/605370968/xc32_monitor.o
 .debug_abbrev  0x00001b1e      0x491 build/mcp9808/production/_ext/1427623807/sys_command.o
 .debug_abbrev  0x00001faf      0x38e build/mcp9808/production/_ext/1884335987/sys_console.o
 .debug_abbrev  0x0000233d      0x347 build/mcp9808/production/_ext/1884335987/sys_console_uart.o
 .debug_abbrev  0x00002684      0x240 build/mcp9808/production/_ext/1587138469/sys_int.o
 .debug_abbrev  0x000028c4       0xef build/mcp9808/production/_ext/1581363856/sys_reset.o
 .debug_abbrev  0x000029b3      0x1db build/mcp9808/production/_ext/519814254/startup_xc32.o
 .debug_abbrev  0x00002b8e      0x256 build/mcp9808/production/_ext/519814254/initialization.o
 .debug_abbrev  0x00002de4       0xb5 build/mcp9808/production/_ext/519814254/interrupts.o
 .debug_abbrev  0x00002e99      0x14e build/mcp9808/production/_ext/519814254/freertos_hooks.o
 .debug_abbrev  0x00002fe7      0x102 build/mcp9808/production/_ext/519814254/tasks.o
 .debug_abbrev  0x000030e9       0x3e build/mcp9808/production/_ext/519814254/exceptions.o
 .debug_abbrev  0x00003127      0x226 build/mcp9808/production/_ext/246609638/port.o
 .debug_abbrev  0x0000334d      0x14e build/mcp9808/production/_ext/1665200909/heap_1.o
 .debug_abbrev  0x0000349b      0x367 build/mcp9808/production/_ext/404212886/queue.o
 .debug_abbrev  0x00003802      0x46f build/mcp9808/production/_ext/404212886/FreeRTOS_tasks.o
 .debug_abbrev  0x00003c71      0x15e build/mcp9808/production/_ext/404212886/list.o
 .debug_abbrev  0x00003dcf       0x77 build/mcp9808/production/_ext/1360937237/main.o
 .debug_abbrev  0x00003e46      0x210 build/mcp9808/production/_ext/1360937237/app_mcp9808.o
 .debug_abbrev  0x00004056       0x2b c:/program files/microchip/xc32/v4.20/bin/bin/../../lib/gcc/pic32c/8.3.1/../../../../pic32c/lib/thumb/v7e-m+fp/hard\libpic32c.a(data_init_wrapper.o)
 .debug_abbrev  0x00004081       0x2e c:/program files/microchip/xc32/v4.20/bin/bin/../../lib/gcc/pic32c/8.3.1/../../../../pic32c/lib/thumb/v7e-m+fp/hard\libpic32c.a(data_init_0_1.o)
 .debug_abbrev  0x000040af      0x117 c:/program files/microchip/xc32/v4.20/bin/bin/../../lib/gcc/pic32c/8.3.1/../../../../pic32c/lib/thumb/v7e-m+fp/hard\libc-musl.a(__libc_start_main.o)
 .debug_abbrev  0x000041c6       0xb8 c:/program files/microchip/xc32/v4.20/bin/bin/../../lib/gcc/pic32c/8.3.1/../../../../pic32c/lib/thumb/v7e-m+fp/hard\libc-musl.a(libc.o)
 .debug_abbrev  0x0000427e      0x413 c:/program files/microchip/xc32/v4.20/bin/bin/../../lib/gcc/pic32c/8.3.1/../../../../pic32c/lib/thumb/v7e-m+fp/hard\libc-musl.a(malloc.o)
 .debug_abbrev  0x00004691      0x168 c:/program files/microchip/xc32/v4.20/bin/bin/../../lib/gcc/pic32c/8.3.1/../../../../pic32c/lib/thumb/v7e-m+fp/hard\libc-musl.a(vsnprintf.o)
 .debug_abbrev  0x000047f9      0x151 c:/program files/microchip/xc32/v4.20/bin/bin/../../lib/gcc/pic32c/8.3.1/../../../../pic32c/lib/thumb/v7e-m+fp/hard\libc-musl.a(puts.o)
 .debug_abbrev  0x0000494a       0xfb c:/program files/microchip/xc32/v4.20/bin/bin/../../lib/gcc/pic32c/8.3.1/../../../../pic32c/lib/thumb/v7e-m+fp/hard\libc-musl.a(sprintf.o)
 .debug_abbrev  0x00004a45       0xc3 c:/program files/microchip/xc32/v4.20/bin/bin/../../lib/gcc/pic32c/8.3.1/../../../../pic32c/lib/thumb/v7e-m+fp/hard\libc-musl.a(vsprintf.o)
 .debug_abbrev  0x00004b08       0x9c c:/program files/microchip/xc32/v4.20/bin/bin/../../lib/gcc/pic32c/8.3.1/../../../../pic32c/lib/thumb/v7e-m+fp/hard\libc-musl.a(memcpy.o)
 .debug_abbrev  0x00004ba4       0x97 c:/program files/microchip/xc32/v4.20/bin/bin/../../lib/gcc/pic32c/8.3.1/../../../../pic32c/lib/thumb/v7e-m+fp/hard\libc-musl.a(memset.o)
 .debug_abbrev  0x00004c3b       0x86 c:/program files/microchip/xc32/v4.20/bin/bin/../../lib/gcc/pic32c/8.3.1/../../../../pic32c/lib/thumb/v7e-m+fp/hard\libc-musl.a(strlen.o)
 .debug_abbrev  0x00004cc1       0xa2 c:/program files/microchip/xc32/v4.20/bin/bin/../../lib/gcc/pic32c/8.3.1/../../../../pic32c/lib/thumb/v7e-m+fp/hard\libc-musl.a(strchr.o)
 .debug_abbrev  0x00004d63       0xa5 c:/program files/microchip/xc32/v4.20/bin/bin/../../lib/gcc/pic32c/8.3.1/../../../../pic32c/lib/thumb/v7e-m+fp/hard\libc-musl.a(strchrnul.o)
 .debug_abbrev  0x00004e08       0x63 c:/program files/microchip/xc32/v4.20/bin/bin/../../lib/gcc/pic32c/8.3.1/../../../../pic32c/lib/thumb/v7e-m+fp/hard\libc-musl.a(strcmp.o)
 .debug_abbrev  0x00004e6b       0x8e c:/program files/microchip/xc32/v4.20/bin/bin/../../lib/gcc/pic32c/8.3.1/../../../../pic32c/lib/thumb/v7e-m+fp/hard\libc-musl.a(strcpy.o)
 .debug_abbrev  0x00004ef9       0x86 c:/program files/microchip/xc32/v4.20/bin/bin/../../lib/gcc/pic32c/8.3.1/../../../../pic32c/lib/thumb/v7e-m+fp/hard\libc-musl.a(strncmp.o)
 .debug_abbrev  0x00004f7f       0x9d c:/program files/microchip/xc32/v4.20/bin/bin/../../lib/gcc/pic32c/8.3.1/../../../../pic32c/lib/thumb/v7e-m+fp/hard\libc-musl.a(strncpy.o)
 .debug_abbrev  0x0000501c       0xac c:/program files/microchip/xc32/v4.20/bin/bin/../../lib/gcc/pic32c/8.3.1/../../../../pic32c/lib/thumb/v7e-m+fp/hard\libc-musl.a(strtok.o)
 .debug_abbrev  0x000050c8       0x57 c:/program files/microchip/xc32/v4.20/bin/bin/../../lib/gcc/pic32c/8.3.1/../../../../pic32c/lib/thumb/v7e-m+fp/hard\libc-musl.a(__environ.o)
 .debug_abbrev  0x0000511f       0x2e c:/program files/microchip/xc32/v4.20/bin/bin/../../lib/gcc/pic32c/8.3.1/../../../../pic32c/lib/thumb/v7e-m+fp/hard\libc-musl.a(__errno_location.o)
 .debug_abbrev  0x0000514d      0x12a c:/program files/microchip/xc32/v4.20/bin/bin/../../lib/gcc/pic32c/8.3.1/../../../../pic32c/lib/thumb/v7e-m+fp/hard\libc-musl.a(fputs.o)
 .debug_abbrev  0x00005277      0x10f c:/program files/microchip/xc32/v4.20/bin/bin/../../lib/gcc/pic32c/8.3.1/../../../../pic32c/lib/thumb/v7e-m+fp/hard\libc-musl.a(fwrite.o)
 .debug_abbrev  0x00005386      0x109 c:/program files/microchip/xc32/v4.20/bin/bin/../../lib/gcc/pic32c/8.3.1/../../../../pic32c/lib/thumb/v7e-m+fp/hard\libc-musl.a(putc.o)
 .debug_abbrev  0x0000548f      0x135 c:/program files/microchip/xc32/v4.20/bin/bin/../../lib/gcc/pic32c/8.3.1/../../../../pic32c/lib/thumb/v7e-m+fp/hard\libc-musl.a(stdout.o)
 .debug_abbrev  0x000055c4      0x16d c:/program files/microchip/xc32/v4.20/bin/bin/../../lib/gcc/pic32c/8.3.1/../../../../pic32c/lib/thumb/v7e-m+fp/hard\libc-musl.a(vfprintf.o)
 .debug_abbrev  0x00005731       0x63 c:/program files/microchip/xc32/v4.20/bin/bin/../../lib/gcc/pic32c/8.3.1/../../../../pic32c/lib/thumb/v7e-m+fp/hard\libc-musl.a(stpcpy.o)
 .debug_abbrev  0x00005794       0x86 c:/program files/microchip/xc32/v4.20/bin/bin/../../lib/gcc/pic32c/8.3.1/../../../../pic32c/lib/thumb/v7e-m+fp/hard\libc-musl.a(stpncpy.o)
 .debug_abbrev  0x0000581a       0xf5 c:/program files/microchip/xc32/v4.20/bin/bin/../../lib/gcc/pic32c/8.3.1/../../../../pic32c/lib/thumb/v7e-m+fp/hard\libc-musl.a(strcspn.o)
 .debug_abbrev  0x0000590f       0xd2 c:/program files/microchip/xc32/v4.20/bin/bin/../../lib/gcc/pic32c/8.3.1/../../../../pic32c/lib/thumb/v7e-m+fp/hard\libc-musl.a(strspn.o)
 .debug_abbrev  0x000059e1      0x170 c:/program files/microchip/xc32/v4.20/bin/bin/../../lib/gcc/pic32c/8.3.1/../../../../pic32c/lib/thumb/v7e-m+fp/hard\libc-musl.a(__out.o)
 .debug_abbrev  0x00005b51       0xbd c:/program files/microchip/xc32/v4.20/bin/bin/../../lib/gcc/pic32c/8.3.1/../../../../pic32c/lib/thumb/v7e-m+fp/hard\libc-musl.a(__pop_float.o)
 .debug_abbrev  0x00005c0e       0xbd c:/program files/microchip/xc32/v4.20/bin/bin/../../lib/gcc/pic32c/8.3.1/../../../../pic32c/lib/thumb/v7e-m+fp/hard\libc-musl.a(__pop_int.o)
 .debug_abbrev  0x00005ccb       0xce c:/program files/microchip/xc32/v4.20/bin/bin/../../lib/gcc/pic32c/8.3.1/../../../../pic32c/lib/thumb/v7e-m+fp/hard\libc-musl.a(__pop_ptr.o)
 .debug_abbrev  0x00005d99      0x2c5 c:/program files/microchip/xc32/v4.20/bin/bin/../../lib/gcc/pic32c/8.3.1/../../../../pic32c/lib/thumb/v7e-m+fp/hard\libc-musl.a(__printf_core.o)
 .debug_abbrev  0x0000605e       0xbb c:/program files/microchip/xc32/v4.20/bin/bin/../../lib/gcc/pic32c/8.3.1/../../../../pic32c/lib/thumb/v7e-m+fp/hard\libc-musl.a(atoi.o)
 .debug_abbrev  0x00006119       0xfd c:/program files/microchip/xc32/v4.20/bin/bin/../../lib/gcc/pic32c/8.3.1/../../../../pic32c/lib/thumb/v7e-m+fp/hard\libc-musl.a(tolower.o)
 .debug_abbrev  0x00006216      0x194 c:/program files/microchip/xc32/v4.20/bin/bin/../../lib/gcc/pic32c/8.3.1/../../../../pic32c/lib/thumb/v7e-m+fp/hard\libc-musl.a(__fmt_a.o)
 .debug_abbrev  0x000063aa      0x120 c:/program files/microchip/xc32/v4.20/bin/bin/../../lib/gcc/pic32c/8.3.1/../../../../pic32c/lib/thumb/v7e-m+fp/hard\libc-musl.a(__fmt_d.o)
 .debug_abbrev  0x000064ca      0x1b3 c:/program files/microchip/xc32/v4.20/bin/bin/../../lib/gcc/pic32c/8.3.1/../../../../pic32c/lib/thumb/v7e-m+fp/hard\libc-musl.a(__fmt_fp.o)
 .debug_abbrev  0x0000667d      0x120 c:/program files/microchip/xc32/v4.20/bin/bin/../../lib/gcc/pic32c/8.3.1/../../../../pic32c/lib/thumb/v7e-m+fp/hard\libc-musl.a(__fmt_o.o)
 .debug_abbrev  0x0000679d      0x10b c:/program files/microchip/xc32/v4.20/bin/bin/../../lib/gcc/pic32c/8.3.1/../../../../pic32c/lib/thumb/v7e-m+fp/hard\libc-musl.a(__fmt_s.o)
 .debug_abbrev  0x000068a8      0x163 c:/program files/microchip/xc32/v4.20/bin/bin/../../lib/gcc/pic32c/8.3.1/../../../../pic32c/lib/thumb/v7e-m+fp/hard\libc-musl.a(__fmt_u.o)
 .debug_abbrev  0x00006a0b      0x10f c:/program files/microchip/xc32/v4.20/bin/bin/../../lib/gcc/pic32c/8.3.1/../../../../pic32c/lib/thumb/v7e-m+fp/hard\libc-musl.a(__fmt_x.o)
 .debug_abbrev  0x00006b1a       0x5a c:/program files/microchip/xc32/v4.20/bin/bin/../../lib/gcc/pic32c/8.3.1/../../../../pic32c/lib/thumb/v7e-m+fp/hard\libc-musl.a(__init_stdio.o)
 .debug_abbrev  0x00006b74       0xfd c:/program files/microchip/xc32/v4.20/bin/bin/../../lib/gcc/pic32c/8.3.1/../../../../pic32c/lib/thumb/v7e-m+fp/hard\libc-musl.a(toupper.o)
 .debug_abbrev  0x00006c71       0x14 c:/program files/microchip/xc32/v4.20/bin/bin/../../lib/gcc/pic32c/8.3.1/thumb/v7e-m+fp/hard\libgcc.a(_aeabi_uldivmod.o)
 .debug_abbrev  0x00006c85       0xf2 c:/program files/microchip/xc32/v4.20/bin/bin/../../lib/gcc/pic32c/8.3.1/thumb/v7e-m+fp/hard\libgcc.a(_udivmoddi4.o)
 .debug_abbrev  0x00006d77       0x14 c:/program files/microchip/xc32/v4.20/bin/bin/../../lib/gcc/pic32c/8.3.1/thumb/v7e-m+fp/hard\libgcc.a(_dvmd_tls.o)

.debug_aranges  0x00000000     0x12d8
 .debug_aranges
                0x00000000       0x20 build/mcp9808/production/_ext/1998409442/bsp.o
 .debug_aranges
                0x00000020       0x80 build/mcp9808/production/_ext/1243884746/drv_mcp9808.o
 .debug_aranges
                0x000000a0       0xc0 build/mcp9808/production/_ext/136144951/drv_i2c.o
 .debug_aranges
                0x00000160       0x90 build/mcp9808/production/_ext/1820763632/osal_freertos.o
 .debug_aranges
                0x000001f0       0x20 build/mcp9808/production/_ext/1885943492/plib_clock.o
 .debug_aranges
                0x00000210       0x20 build/mcp9808/production/_ext/1883794006/plib_evsys.o
 .debug_aranges
                0x00000230       0x38 build/mcp9808/production/_ext/1324973556/plib_nvic.o
 .debug_aranges
                0x00000268       0xd8 build/mcp9808/production/_ext/1541565758/plib_nvmctrl.o
 .debug_aranges
                0x00000340       0x70 build/mcp9808/production/_ext/1325026707/plib_port.o
 .debug_aranges
                0x000003b0       0x70 build/mcp9808/production/_ext/1646999677/plib_sercom6_i2c_master.o
 .debug_aranges
                0x00000420       0xc0 build/mcp9808/production/_ext/1027107927/plib_sercom1_usart.o
 .debug_aranges
                0x000004e0       0x28 build/mcp9808/production/_ext/605370968/xc32_monitor.o
 .debug_aranges
                0x00000508       0xd8 build/mcp9808/production/_ext/1427623807/sys_command.o
 .debug_aranges
                0x000005e0       0x88 build/mcp9808/production/_ext/1884335987/sys_console.o
 .debug_aranges
                0x00000668       0x70 build/mcp9808/production/_ext/1884335987/sys_console_uart.o
 .debug_aranges
                0x000006d8       0x40 build/mcp9808/production/_ext/1587138469/sys_int.o
 .debug_aranges
                0x00000718       0x20 build/mcp9808/production/_ext/1581363856/sys_reset.o
 .debug_aranges
                0x00000738       0x28 build/mcp9808/production/_ext/519814254/startup_xc32.o
 .debug_aranges
                0x00000760       0x20 build/mcp9808/production/_ext/519814254/initialization.o
 .debug_aranges
                0x00000780       0x20 build/mcp9808/production/_ext/519814254/interrupts.o
 .debug_aranges
                0x000007a0       0x40 build/mcp9808/production/_ext/519814254/freertos_hooks.o
 .debug_aranges
                0x000007e0       0x30 build/mcp9808/production/_ext/519814254/tasks.o
 .debug_aranges
                0x00000810       0x48 build/mcp9808/production/_ext/519814254/exceptions.o
 .debug_aranges
                0x00000858       0x78 build/mcp9808/production/_ext/246609638/port.o
 .debug_aranges
                0x000008d0       0x38 build/mcp9808/production/_ext/1665200909/heap_1.o
 .debug_aranges
                0x00000908       0xc8 build/mcp9808/production/_ext/404212886/queue.o
 .debug_aranges
                0x000009d0      0x178 build/mcp9808/production/_ext/404212886/FreeRTOS_tasks.o
 .debug_aranges
                0x00000b48       0x40 build/mcp9808/production/_ext/404212886/list.o
 .debug_aranges
                0x00000b88       0x20 build/mcp9808/production/_ext/1360937237/main.o
 .debug_aranges
                0x00000ba8       0x48 build/mcp9808/production/_ext/1360937237/app_mcp9808.o
 .debug_aranges
                0x00000bf0       0x20 c:/program files/microchip/xc32/v4.20/bin/bin/../../lib/gcc/pic32c/8.3.1/../../../../pic32c/lib/thumb/v7e-m+fp/hard\libpic32c.a(data_init_wrapper.o)
 .debug_aranges
                0x00000c10       0x20 c:/program files/microchip/xc32/v4.20/bin/bin/../../lib/gcc/pic32c/8.3.1/../../../../pic32c/lib/thumb/v7e-m+fp/hard\libpic32c.a(data_init_0_1.o)
 .debug_aranges
                0x00000c30       0x28 c:/program files/microchip/xc32/v4.20/bin/bin/../../lib/gcc/pic32c/8.3.1/../../../../pic32c/lib/thumb/v7e-m+fp/hard\libc-musl.a(__libc_start_main.o)
 .debug_aranges
                0x00000c58       0x18 c:/program files/microchip/xc32/v4.20/bin/bin/../../lib/gcc/pic32c/8.3.1/../../../../pic32c/lib/thumb/v7e-m+fp/hard\libc-musl.a(libc.o)
 .debug_aranges
                0x00000c70       0x70 c:/program files/microchip/xc32/v4.20/bin/bin/../../lib/gcc/pic32c/8.3.1/../../../../pic32c/lib/thumb/v7e-m+fp/hard\libc-musl.a(malloc.o)
 .debug_aranges
                0x00000ce0       0x20 c:/program files/microchip/xc32/v4.20/bin/bin/../../lib/gcc/pic32c/8.3.1/../../../../pic32c/lib/thumb/v7e-m+fp/hard\libc-musl.a(vsnprintf.o)
 .debug_aranges
                0x00000d00       0x20 c:/program files/microchip/xc32/v4.20/bin/bin/../../lib/gcc/pic32c/8.3.1/../../../../pic32c/lib/thumb/v7e-m+fp/hard\libc-musl.a(puts.o)
 .debug_aranges
                0x00000d20       0x20 c:/program files/microchip/xc32/v4.20/bin/bin/../../lib/gcc/pic32c/8.3.1/../../../../pic32c/lib/thumb/v7e-m+fp/hard\libc-musl.a(sprintf.o)
 .debug_aranges
                0x00000d40       0x20 c:/program files/microchip/xc32/v4.20/bin/bin/../../lib/gcc/pic32c/8.3.1/../../../../pic32c/lib/thumb/v7e-m+fp/hard\libc-musl.a(vsprintf.o)
 .debug_aranges
                0x00000d60       0x20 c:/program files/microchip/xc32/v4.20/bin/bin/../../lib/gcc/pic32c/8.3.1/../../../../pic32c/lib/thumb/v7e-m+fp/hard\libc-musl.a(memcpy.o)
 .debug_aranges
                0x00000d80       0x20 c:/program files/microchip/xc32/v4.20/bin/bin/../../lib/gcc/pic32c/8.3.1/../../../../pic32c/lib/thumb/v7e-m+fp/hard\libc-musl.a(memset.o)
 .debug_aranges
                0x00000da0       0x20 c:/program files/microchip/xc32/v4.20/bin/bin/../../lib/gcc/pic32c/8.3.1/../../../../pic32c/lib/thumb/v7e-m+fp/hard\libc-musl.a(strlen.o)
 .debug_aranges
                0x00000dc0       0x20 c:/program files/microchip/xc32/v4.20/bin/bin/../../lib/gcc/pic32c/8.3.1/../../../../pic32c/lib/thumb/v7e-m+fp/hard\libc-musl.a(strchr.o)
 .debug_aranges
                0x00000de0       0x20 c:/program files/microchip/xc32/v4.20/bin/bin/../../lib/gcc/pic32c/8.3.1/../../../../pic32c/lib/thumb/v7e-m+fp/hard\libc-musl.a(strchrnul.o)
 .debug_aranges
                0x00000e00       0x20 c:/program files/microchip/xc32/v4.20/bin/bin/../../lib/gcc/pic32c/8.3.1/../../../../pic32c/lib/thumb/v7e-m+fp/hard\libc-musl.a(strcmp.o)
 .debug_aranges
                0x00000e20       0x20 c:/program files/microchip/xc32/v4.20/bin/bin/../../lib/gcc/pic32c/8.3.1/../../../../pic32c/lib/thumb/v7e-m+fp/hard\libc-musl.a(strcpy.o)
 .debug_aranges
                0x00000e40       0x20 c:/program files/microchip/xc32/v4.20/bin/bin/../../lib/gcc/pic32c/8.3.1/../../../../pic32c/lib/thumb/v7e-m+fp/hard\libc-musl.a(strncmp.o)
 .debug_aranges
                0x00000e60       0x20 c:/program files/microchip/xc32/v4.20/bin/bin/../../lib/gcc/pic32c/8.3.1/../../../../pic32c/lib/thumb/v7e-m+fp/hard\libc-musl.a(strncpy.o)
 .debug_aranges
                0x00000e80       0x20 c:/program files/microchip/xc32/v4.20/bin/bin/../../lib/gcc/pic32c/8.3.1/../../../../pic32c/lib/thumb/v7e-m+fp/hard\libc-musl.a(strtok.o)
 .debug_aranges
                0x00000ea0       0x18 c:/program files/microchip/xc32/v4.20/bin/bin/../../lib/gcc/pic32c/8.3.1/../../../../pic32c/lib/thumb/v7e-m+fp/hard\libc-musl.a(__environ.o)
 .debug_aranges
                0x00000eb8       0x18 c:/program files/microchip/xc32/v4.20/bin/bin/../../lib/gcc/pic32c/8.3.1/../../../../pic32c/lib/thumb/v7e-m+fp/hard\libc-musl.a(__errno_location.o)
 .debug_aranges
                0x00000ed0       0x20 c:/program files/microchip/xc32/v4.20/bin/bin/../../lib/gcc/pic32c/8.3.1/../../../../pic32c/lib/thumb/v7e-m+fp/hard\libc-musl.a(fputs.o)
 .debug_aranges
                0x00000ef0       0x28 c:/program files/microchip/xc32/v4.20/bin/bin/../../lib/gcc/pic32c/8.3.1/../../../../pic32c/lib/thumb/v7e-m+fp/hard\libc-musl.a(fwrite.o)
 .debug_aranges
                0x00000f18       0x30 c:/program files/microchip/xc32/v4.20/bin/bin/../../lib/gcc/pic32c/8.3.1/../../../../pic32c/lib/thumb/v7e-m+fp/hard\libc-musl.a(putc.o)
 .debug_aranges
                0x00000f48       0x30 c:/program files/microchip/xc32/v4.20/bin/bin/../../lib/gcc/pic32c/8.3.1/../../../../pic32c/lib/thumb/v7e-m+fp/hard\libc-musl.a(stdout.o)
 .debug_aranges
                0x00000f78       0x28 c:/program files/microchip/xc32/v4.20/bin/bin/../../lib/gcc/pic32c/8.3.1/../../../../pic32c/lib/thumb/v7e-m+fp/hard\libc-musl.a(vfprintf.o)
 .debug_aranges
                0x00000fa0       0x20 c:/program files/microchip/xc32/v4.20/bin/bin/../../lib/gcc/pic32c/8.3.1/../../../../pic32c/lib/thumb/v7e-m+fp/hard\libc-musl.a(stpcpy.o)
 .debug_aranges
                0x00000fc0       0x20 c:/program files/microchip/xc32/v4.20/bin/bin/../../lib/gcc/pic32c/8.3.1/../../../../pic32c/lib/thumb/v7e-m+fp/hard\libc-musl.a(stpncpy.o)
 .debug_aranges
                0x00000fe0       0x20 c:/program files/microchip/xc32/v4.20/bin/bin/../../lib/gcc/pic32c/8.3.1/../../../../pic32c/lib/thumb/v7e-m+fp/hard\libc-musl.a(strcspn.o)
 .debug_aranges
                0x00001000       0x20 c:/program files/microchip/xc32/v4.20/bin/bin/../../lib/gcc/pic32c/8.3.1/../../../../pic32c/lib/thumb/v7e-m+fp/hard\libc-musl.a(strspn.o)
 .debug_aranges
                0x00001020       0x28 c:/program files/microchip/xc32/v4.20/bin/bin/../../lib/gcc/pic32c/8.3.1/../../../../pic32c/lib/thumb/v7e-m+fp/hard\libc-musl.a(__out.o)
 .debug_aranges
                0x00001048       0x20 c:/program files/microchip/xc32/v4.20/bin/bin/../../lib/gcc/pic32c/8.3.1/../../../../pic32c/lib/thumb/v7e-m+fp/hard\libc-musl.a(__pop_float.o)
 .debug_aranges
                0x00001068       0x20 c:/program files/microchip/xc32/v4.20/bin/bin/../../lib/gcc/pic32c/8.3.1/../../../../pic32c/lib/thumb/v7e-m+fp/hard\libc-musl.a(__pop_int.o)
 .debug_aranges
                0x00001088       0x20 c:/program files/microchip/xc32/v4.20/bin/bin/../../lib/gcc/pic32c/8.3.1/../../../../pic32c/lib/thumb/v7e-m+fp/hard\libc-musl.a(__pop_ptr.o)
 .debug_aranges
                0x000010a8       0x50 c:/program files/microchip/xc32/v4.20/bin/bin/../../lib/gcc/pic32c/8.3.1/../../../../pic32c/lib/thumb/v7e-m+fp/hard\libc-musl.a(__printf_core.o)
 .debug_aranges
                0x000010f8       0x20 c:/program files/microchip/xc32/v4.20/bin/bin/../../lib/gcc/pic32c/8.3.1/../../../../pic32c/lib/thumb/v7e-m+fp/hard\libc-musl.a(atoi.o)
 .debug_aranges
                0x00001118       0x28 c:/program files/microchip/xc32/v4.20/bin/bin/../../lib/gcc/pic32c/8.3.1/../../../../pic32c/lib/thumb/v7e-m+fp/hard\libc-musl.a(tolower.o)
 .debug_aranges
                0x00001140       0x20 c:/program files/microchip/xc32/v4.20/bin/bin/../../lib/gcc/pic32c/8.3.1/../../../../pic32c/lib/thumb/v7e-m+fp/hard\libc-musl.a(__fmt_a.o)
 .debug_aranges
                0x00001160       0x20 c:/program files/microchip/xc32/v4.20/bin/bin/../../lib/gcc/pic32c/8.3.1/../../../../pic32c/lib/thumb/v7e-m+fp/hard\libc-musl.a(__fmt_d.o)
 .debug_aranges
                0x00001180       0x20 c:/program files/microchip/xc32/v4.20/bin/bin/../../lib/gcc/pic32c/8.3.1/../../../../pic32c/lib/thumb/v7e-m+fp/hard\libc-musl.a(__fmt_fp.o)
 .debug_aranges
                0x000011a0       0x20 c:/program files/microchip/xc32/v4.20/bin/bin/../../lib/gcc/pic32c/8.3.1/../../../../pic32c/lib/thumb/v7e-m+fp/hard\libc-musl.a(__fmt_o.o)
 .debug_aranges
                0x000011c0       0x20 c:/program files/microchip/xc32/v4.20/bin/bin/../../lib/gcc/pic32c/8.3.1/../../../../pic32c/lib/thumb/v7e-m+fp/hard\libc-musl.a(__fmt_s.o)
 .debug_aranges
                0x000011e0       0x28 c:/program files/microchip/xc32/v4.20/bin/bin/../../lib/gcc/pic32c/8.3.1/../../../../pic32c/lib/thumb/v7e-m+fp/hard\libc-musl.a(__fmt_u.o)
 .debug_aranges
                0x00001208       0x20 c:/program files/microchip/xc32/v4.20/bin/bin/../../lib/gcc/pic32c/8.3.1/../../../../pic32c/lib/thumb/v7e-m+fp/hard\libc-musl.a(__fmt_x.o)
 .debug_aranges
                0x00001228       0x28 c:/program files/microchip/xc32/v4.20/bin/bin/../../lib/gcc/pic32c/8.3.1/../../../../pic32c/lib/thumb/v7e-m+fp/hard\libc-musl.a(__init_stdio.o)
 .debug_aranges
                0x00001250       0x28 c:/program files/microchip/xc32/v4.20/bin/bin/../../lib/gcc/pic32c/8.3.1/../../../../pic32c/lib/thumb/v7e-m+fp/hard\libc-musl.a(toupper.o)
 .debug_aranges
                0x00001278       0x20 c:/program files/microchip/xc32/v4.20/bin/bin/../../lib/gcc/pic32c/8.3.1/thumb/v7e-m+fp/hard\libgcc.a(_aeabi_uldivmod.o)
 .debug_aranges
                0x00001298       0x20 c:/program files/microchip/xc32/v4.20/bin/bin/../../lib/gcc/pic32c/8.3.1/thumb/v7e-m+fp/hard\libgcc.a(_udivmoddi4.o)
 .debug_aranges
                0x000012b8       0x20 c:/program files/microchip/xc32/v4.20/bin/bin/../../lib/gcc/pic32c/8.3.1/thumb/v7e-m+fp/hard\libgcc.a(_dvmd_tls.o)

.debug_ranges   0x00000000     0x14e0
 .debug_ranges  0x00000000       0x10 build/mcp9808/production/_ext/1998409442/bsp.o
 .debug_ranges  0x00000010       0x90 build/mcp9808/production/_ext/1243884746/drv_mcp9808.o
 .debug_ranges  0x000000a0       0xf8 build/mcp9808/production/_ext/136144951/drv_i2c.o
 .debug_ranges  0x00000198       0x80 build/mcp9808/production/_ext/1820763632/osal_freertos.o
 .debug_ranges  0x00000218       0x10 build/mcp9808/production/_ext/1885943492/plib_clock.o
 .debug_ranges  0x00000228       0x10 build/mcp9808/production/_ext/1883794006/plib_evsys.o
 .debug_ranges  0x00000238       0x28 build/mcp9808/production/_ext/1324973556/plib_nvic.o
 .debug_ranges  0x00000260       0xc8 build/mcp9808/production/_ext/1541565758/plib_nvmctrl.o
 .debug_ranges  0x00000328       0x60 build/mcp9808/production/_ext/1325026707/plib_port.o
 .debug_ranges  0x00000388       0xe0 build/mcp9808/production/_ext/1646999677/plib_sercom6_i2c_master.o
 .debug_ranges  0x00000468      0x1f0 build/mcp9808/production/_ext/1027107927/plib_sercom1_usart.o
 .debug_ranges  0x00000658       0x18 build/mcp9808/production/_ext/605370968/xc32_monitor.o
 .debug_ranges  0x00000670      0x188 build/mcp9808/production/_ext/1427623807/sys_command.o
 .debug_ranges  0x000007f8       0x78 build/mcp9808/production/_ext/1884335987/sys_console.o
 .debug_ranges  0x00000870       0x60 build/mcp9808/production/_ext/1884335987/sys_console_uart.o
 .debug_ranges  0x000008d0       0x30 build/mcp9808/production/_ext/1587138469/sys_int.o
 .debug_ranges  0x00000900       0x10 build/mcp9808/production/_ext/1581363856/sys_reset.o
 .debug_ranges  0x00000910       0x18 build/mcp9808/production/_ext/519814254/startup_xc32.o
 .debug_ranges  0x00000928       0x10 build/mcp9808/production/_ext/519814254/initialization.o
 .debug_ranges  0x00000938       0x10 build/mcp9808/production/_ext/519814254/interrupts.o
 .debug_ranges  0x00000948       0x30 build/mcp9808/production/_ext/519814254/freertos_hooks.o
 .debug_ranges  0x00000978       0x20 build/mcp9808/production/_ext/519814254/tasks.o
 .debug_ranges  0x00000998       0x38 build/mcp9808/production/_ext/519814254/exceptions.o
 .debug_ranges  0x000009d0       0x68 build/mcp9808/production/_ext/246609638/port.o
 .debug_ranges  0x00000a38       0x28 build/mcp9808/production/_ext/1665200909/heap_1.o
 .debug_ranges  0x00000a60      0x178 build/mcp9808/production/_ext/404212886/queue.o
 .debug_ranges  0x00000bd8      0x2c0 build/mcp9808/production/_ext/404212886/FreeRTOS_tasks.o
 .debug_ranges  0x00000e98       0x30 build/mcp9808/production/_ext/404212886/list.o
 .debug_ranges  0x00000ec8       0x10 build/mcp9808/production/_ext/1360937237/main.o
 .debug_ranges  0x00000ed8       0x38 build/mcp9808/production/_ext/1360937237/app_mcp9808.o
 .debug_ranges  0x00000f10       0x10 c:/program files/microchip/xc32/v4.20/bin/bin/../../lib/gcc/pic32c/8.3.1/../../../../pic32c/lib/thumb/v7e-m+fp/hard\libpic32c.a(data_init_wrapper.o)
 .debug_ranges  0x00000f20       0x10 c:/program files/microchip/xc32/v4.20/bin/bin/../../lib/gcc/pic32c/8.3.1/../../../../pic32c/lib/thumb/v7e-m+fp/hard\libpic32c.a(data_init_0_1.o)
 .debug_ranges  0x00000f30       0x40 c:/program files/microchip/xc32/v4.20/bin/bin/../../lib/gcc/pic32c/8.3.1/../../../../pic32c/lib/thumb/v7e-m+fp/hard\libc-musl.a(__libc_start_main.o)
 .debug_ranges  0x00000f70      0x1a0 c:/program files/microchip/xc32/v4.20/bin/bin/../../lib/gcc/pic32c/8.3.1/../../../../pic32c/lib/thumb/v7e-m+fp/hard\libc-musl.a(malloc.o)
 .debug_ranges  0x00001110       0x10 c:/program files/microchip/xc32/v4.20/bin/bin/../../lib/gcc/pic32c/8.3.1/../../../../pic32c/lib/thumb/v7e-m+fp/hard\libc-musl.a(vsnprintf.o)
 .debug_ranges  0x00001120       0x10 c:/program files/microchip/xc32/v4.20/bin/bin/../../lib/gcc/pic32c/8.3.1/../../../../pic32c/lib/thumb/v7e-m+fp/hard\libc-musl.a(puts.o)
 .debug_ranges  0x00001130       0x10 c:/program files/microchip/xc32/v4.20/bin/bin/../../lib/gcc/pic32c/8.3.1/../../../../pic32c/lib/thumb/v7e-m+fp/hard\libc-musl.a(sprintf.o)
 .debug_ranges  0x00001140       0x10 c:/program files/microchip/xc32/v4.20/bin/bin/../../lib/gcc/pic32c/8.3.1/../../../../pic32c/lib/thumb/v7e-m+fp/hard\libc-musl.a(vsprintf.o)
 .debug_ranges  0x00001150       0x10 c:/program files/microchip/xc32/v4.20/bin/bin/../../lib/gcc/pic32c/8.3.1/../../../../pic32c/lib/thumb/v7e-m+fp/hard\libc-musl.a(memcpy.o)
 .debug_ranges  0x00001160       0x10 c:/program files/microchip/xc32/v4.20/bin/bin/../../lib/gcc/pic32c/8.3.1/../../../../pic32c/lib/thumb/v7e-m+fp/hard\libc-musl.a(memset.o)
 .debug_ranges  0x00001170       0x10 c:/program files/microchip/xc32/v4.20/bin/bin/../../lib/gcc/pic32c/8.3.1/../../../../pic32c/lib/thumb/v7e-m+fp/hard\libc-musl.a(strlen.o)
 .debug_ranges  0x00001180       0x10 c:/program files/microchip/xc32/v4.20/bin/bin/../../lib/gcc/pic32c/8.3.1/../../../../pic32c/lib/thumb/v7e-m+fp/hard\libc-musl.a(strchr.o)
 .debug_ranges  0x00001190       0x10 c:/program files/microchip/xc32/v4.20/bin/bin/../../lib/gcc/pic32c/8.3.1/../../../../pic32c/lib/thumb/v7e-m+fp/hard\libc-musl.a(strchrnul.o)
 .debug_ranges  0x000011a0       0x10 c:/program files/microchip/xc32/v4.20/bin/bin/../../lib/gcc/pic32c/8.3.1/../../../../pic32c/lib/thumb/v7e-m+fp/hard\libc-musl.a(strcmp.o)
 .debug_ranges  0x000011b0       0x10 c:/program files/microchip/xc32/v4.20/bin/bin/../../lib/gcc/pic32c/8.3.1/../../../../pic32c/lib/thumb/v7e-m+fp/hard\libc-musl.a(strcpy.o)
 .debug_ranges  0x000011c0       0x10 c:/program files/microchip/xc32/v4.20/bin/bin/../../lib/gcc/pic32c/8.3.1/../../../../pic32c/lib/thumb/v7e-m+fp/hard\libc-musl.a(strncmp.o)
 .debug_ranges  0x000011d0       0x10 c:/program files/microchip/xc32/v4.20/bin/bin/../../lib/gcc/pic32c/8.3.1/../../../../pic32c/lib/thumb/v7e-m+fp/hard\libc-musl.a(strncpy.o)
 .debug_ranges  0x000011e0       0x10 c:/program files/microchip/xc32/v4.20/bin/bin/../../lib/gcc/pic32c/8.3.1/../../../../pic32c/lib/thumb/v7e-m+fp/hard\libc-musl.a(strtok.o)
 .debug_ranges  0x000011f0       0x10 c:/program files/microchip/xc32/v4.20/bin/bin/../../lib/gcc/pic32c/8.3.1/../../../../pic32c/lib/thumb/v7e-m+fp/hard\libc-musl.a(fputs.o)
 .debug_ranges  0x00001200       0x18 c:/program files/microchip/xc32/v4.20/bin/bin/../../lib/gcc/pic32c/8.3.1/../../../../pic32c/lib/thumb/v7e-m+fp/hard\libc-musl.a(fwrite.o)
 .debug_ranges  0x00001218       0x20 c:/program files/microchip/xc32/v4.20/bin/bin/../../lib/gcc/pic32c/8.3.1/../../../../pic32c/lib/thumb/v7e-m+fp/hard\libc-musl.a(putc.o)
 .debug_ranges  0x00001238       0x20 c:/program files/microchip/xc32/v4.20/bin/bin/../../lib/gcc/pic32c/8.3.1/../../../../pic32c/lib/thumb/v7e-m+fp/hard\libc-musl.a(stdout.o)
 .debug_ranges  0x00001258       0x18 c:/program files/microchip/xc32/v4.20/bin/bin/../../lib/gcc/pic32c/8.3.1/../../../../pic32c/lib/thumb/v7e-m+fp/hard\libc-musl.a(vfprintf.o)
 .debug_ranges  0x00001270       0x10 c:/program files/microchip/xc32/v4.20/bin/bin/../../lib/gcc/pic32c/8.3.1/../../../../pic32c/lib/thumb/v7e-m+fp/hard\libc-musl.a(stpcpy.o)
 .debug_ranges  0x00001280       0x10 c:/program files/microchip/xc32/v4.20/bin/bin/../../lib/gcc/pic32c/8.3.1/../../../../pic32c/lib/thumb/v7e-m+fp/hard\libc-musl.a(stpncpy.o)
 .debug_ranges  0x00001290       0x10 c:/program files/microchip/xc32/v4.20/bin/bin/../../lib/gcc/pic32c/8.3.1/../../../../pic32c/lib/thumb/v7e-m+fp/hard\libc-musl.a(strcspn.o)
 .debug_ranges  0x000012a0       0x10 c:/program files/microchip/xc32/v4.20/bin/bin/../../lib/gcc/pic32c/8.3.1/../../../../pic32c/lib/thumb/v7e-m+fp/hard\libc-musl.a(strspn.o)
 .debug_ranges  0x000012b0       0x18 c:/program files/microchip/xc32/v4.20/bin/bin/../../lib/gcc/pic32c/8.3.1/../../../../pic32c/lib/thumb/v7e-m+fp/hard\libc-musl.a(__out.o)
 .debug_ranges  0x000012c8       0x10 c:/program files/microchip/xc32/v4.20/bin/bin/../../lib/gcc/pic32c/8.3.1/../../../../pic32c/lib/thumb/v7e-m+fp/hard\libc-musl.a(__pop_float.o)
 .debug_ranges  0x000012d8       0x10 c:/program files/microchip/xc32/v4.20/bin/bin/../../lib/gcc/pic32c/8.3.1/../../../../pic32c/lib/thumb/v7e-m+fp/hard\libc-musl.a(__pop_int.o)
 .debug_ranges  0x000012e8       0x10 c:/program files/microchip/xc32/v4.20/bin/bin/../../lib/gcc/pic32c/8.3.1/../../../../pic32c/lib/thumb/v7e-m+fp/hard\libc-musl.a(__pop_ptr.o)
 .debug_ranges  0x000012f8       0x68 c:/program files/microchip/xc32/v4.20/bin/bin/../../lib/gcc/pic32c/8.3.1/../../../../pic32c/lib/thumb/v7e-m+fp/hard\libc-musl.a(__printf_core.o)
 .debug_ranges  0x00001360       0x10 c:/program files/microchip/xc32/v4.20/bin/bin/../../lib/gcc/pic32c/8.3.1/../../../../pic32c/lib/thumb/v7e-m+fp/hard\libc-musl.a(atoi.o)
 .debug_ranges  0x00001370       0x18 c:/program files/microchip/xc32/v4.20/bin/bin/../../lib/gcc/pic32c/8.3.1/../../../../pic32c/lib/thumb/v7e-m+fp/hard\libc-musl.a(tolower.o)
 .debug_ranges  0x00001388       0x10 c:/program files/microchip/xc32/v4.20/bin/bin/../../lib/gcc/pic32c/8.3.1/../../../../pic32c/lib/thumb/v7e-m+fp/hard\libc-musl.a(__fmt_a.o)
 .debug_ranges  0x00001398       0x10 c:/program files/microchip/xc32/v4.20/bin/bin/../../lib/gcc/pic32c/8.3.1/../../../../pic32c/lib/thumb/v7e-m+fp/hard\libc-musl.a(__fmt_d.o)
 .debug_ranges  0x000013a8       0x10 c:/program files/microchip/xc32/v4.20/bin/bin/../../lib/gcc/pic32c/8.3.1/../../../../pic32c/lib/thumb/v7e-m+fp/hard\libc-musl.a(__fmt_fp.o)
 .debug_ranges  0x000013b8       0x10 c:/program files/microchip/xc32/v4.20/bin/bin/../../lib/gcc/pic32c/8.3.1/../../../../pic32c/lib/thumb/v7e-m+fp/hard\libc-musl.a(__fmt_o.o)
 .debug_ranges  0x000013c8       0x10 c:/program files/microchip/xc32/v4.20/bin/bin/../../lib/gcc/pic32c/8.3.1/../../../../pic32c/lib/thumb/v7e-m+fp/hard\libc-musl.a(__fmt_s.o)
 .debug_ranges  0x000013d8       0x18 c:/program files/microchip/xc32/v4.20/bin/bin/../../lib/gcc/pic32c/8.3.1/../../../../pic32c/lib/thumb/v7e-m+fp/hard\libc-musl.a(__fmt_u.o)
 .debug_ranges  0x000013f0       0x10 c:/program files/microchip/xc32/v4.20/bin/bin/../../lib/gcc/pic32c/8.3.1/../../../../pic32c/lib/thumb/v7e-m+fp/hard\libc-musl.a(__fmt_x.o)
 .debug_ranges  0x00001400       0x18 c:/program files/microchip/xc32/v4.20/bin/bin/../../lib/gcc/pic32c/8.3.1/../../../../pic32c/lib/thumb/v7e-m+fp/hard\libc-musl.a(__init_stdio.o)
 .debug_ranges  0x00001418       0x18 c:/program files/microchip/xc32/v4.20/bin/bin/../../lib/gcc/pic32c/8.3.1/../../../../pic32c/lib/thumb/v7e-m+fp/hard\libc-musl.a(toupper.o)
 .debug_ranges  0x00001430       0xb0 c:/program files/microchip/xc32/v4.20/bin/bin/../../lib/gcc/pic32c/8.3.1/thumb/v7e-m+fp/hard\libgcc.a(_udivmoddi4.o)

.debug_line     0x00000000     0xfc95
 .debug_line    0x00000000       0xd8 build/mcp9808/production/_ext/1998409442/bsp.o
 .debug_line    0x000000d8      0x7ca build/mcp9808/production/_ext/1243884746/drv_mcp9808.o
 .debug_line    0x000008a2      0xe4e build/mcp9808/production/_ext/136144951/drv_i2c.o
 .debug_line    0x000016f0      0x418 build/mcp9808/production/_ext/1820763632/osal_freertos.o
 .debug_line    0x00001b08      0x272 build/mcp9808/production/_ext/1885943492/plib_clock.o
 .debug_line    0x00001d7a       0x66 build/mcp9808/production/_ext/1883794006/plib_evsys.o
 .debug_line    0x00001de0      0x490 build/mcp9808/production/_ext/1324973556/plib_nvic.o
 .debug_line    0x00002270      0x5c2 build/mcp9808/production/_ext/1541565758/plib_nvmctrl.o
 .debug_line    0x00002832      0x2f1 build/mcp9808/production/_ext/1325026707/plib_port.o
 .debug_line    0x00002b23      0x7df build/mcp9808/production/_ext/1646999677/plib_sercom6_i2c_master.o
 .debug_line    0x00003302      0xb87 build/mcp9808/production/_ext/1027107927/plib_sercom1_usart.o
 .debug_line    0x00003e89       0xca build/mcp9808/production/_ext/605370968/xc32_monitor.o
 .debug_line    0x00003f53      0xf73 build/mcp9808/production/_ext/1427623807/sys_command.o
 .debug_line    0x00004ec6      0x64e build/mcp9808/production/_ext/1884335987/sys_console.o
 .debug_line    0x00005514      0x4a1 build/mcp9808/production/_ext/1884335987/sys_console_uart.o
 .debug_line    0x000059b5      0x2bf build/mcp9808/production/_ext/1587138469/sys_int.o
 .debug_line    0x00005c74      0x134 build/mcp9808/production/_ext/1581363856/sys_reset.o
 .debug_line    0x00005da8      0x246 build/mcp9808/production/_ext/519814254/startup_xc32.o
 .debug_line    0x00005fee      0x4fb build/mcp9808/production/_ext/519814254/initialization.o
 .debug_line    0x000064e9       0xba build/mcp9808/production/_ext/519814254/interrupts.o
 .debug_line    0x000065a3      0x1df build/mcp9808/production/_ext/519814254/freertos_hooks.o
 .debug_line    0x00006782      0x1ce build/mcp9808/production/_ext/519814254/tasks.o
 .debug_line    0x00006950       0xc6 build/mcp9808/production/_ext/519814254/exceptions.o
 .debug_line    0x00006a16      0x366 build/mcp9808/production/_ext/246609638/port.o
 .debug_line    0x00006d7c      0x21e build/mcp9808/production/_ext/1665200909/heap_1.o
 .debug_line    0x00006f9a      0xef9 build/mcp9808/production/_ext/404212886/queue.o
 .debug_line    0x00007e93     0x18c7 build/mcp9808/production/_ext/404212886/FreeRTOS_tasks.o
 .debug_line    0x0000975a      0x2e4 build/mcp9808/production/_ext/404212886/list.o
 .debug_line    0x00009a3e       0x6d build/mcp9808/production/_ext/1360937237/main.o
 .debug_line    0x00009aab      0x388 build/mcp9808/production/_ext/1360937237/app_mcp9808.o
 .debug_line    0x00009e33       0xa8 c:/program files/microchip/xc32/v4.20/bin/bin/../../lib/gcc/pic32c/8.3.1/../../../../pic32c/lib/thumb/v7e-m+fp/hard\libpic32c.a(data_init_wrapper.o)
 .debug_line    0x00009edb       0xf1 c:/program files/microchip/xc32/v4.20/bin/bin/../../lib/gcc/pic32c/8.3.1/../../../../pic32c/lib/thumb/v7e-m+fp/hard\libpic32c.a(data_init_0_1.o)
 .debug_line    0x00009fcc      0x1d3 c:/program files/microchip/xc32/v4.20/bin/bin/../../lib/gcc/pic32c/8.3.1/../../../../pic32c/lib/thumb/v7e-m+fp/hard\libc-musl.a(__libc_start_main.o)
 .debug_line    0x0000a19f       0xbb c:/program files/microchip/xc32/v4.20/bin/bin/../../lib/gcc/pic32c/8.3.1/../../../../pic32c/lib/thumb/v7e-m+fp/hard\libc-musl.a(libc.o)
 .debug_line    0x0000a25a      0xac0 c:/program files/microchip/xc32/v4.20/bin/bin/../../lib/gcc/pic32c/8.3.1/../../../../pic32c/lib/thumb/v7e-m+fp/hard\libc-musl.a(malloc.o)
 .debug_line    0x0000ad1a      0x238 c:/program files/microchip/xc32/v4.20/bin/bin/../../lib/gcc/pic32c/8.3.1/../../../../pic32c/lib/thumb/v7e-m+fp/hard\libc-musl.a(vsnprintf.o)
 .debug_line    0x0000af52      0x1d9 c:/program files/microchip/xc32/v4.20/bin/bin/../../lib/gcc/pic32c/8.3.1/../../../../pic32c/lib/thumb/v7e-m+fp/hard\libc-musl.a(puts.o)
 .debug_line    0x0000b12b      0x15d c:/program files/microchip/xc32/v4.20/bin/bin/../../lib/gcc/pic32c/8.3.1/../../../../pic32c/lib/thumb/v7e-m+fp/hard\libc-musl.a(sprintf.o)
 .debug_line    0x0000b288      0x14c c:/program files/microchip/xc32/v4.20/bin/bin/../../lib/gcc/pic32c/8.3.1/../../../../pic32c/lib/thumb/v7e-m+fp/hard\libc-musl.a(vsprintf.o)
 .debug_line    0x0000b3d4       0xf1 c:/program files/microchip/xc32/v4.20/bin/bin/../../lib/gcc/pic32c/8.3.1/../../../../pic32c/lib/thumb/v7e-m+fp/hard\libc-musl.a(memcpy.o)
 .debug_line    0x0000b4c5       0xe8 c:/program files/microchip/xc32/v4.20/bin/bin/../../lib/gcc/pic32c/8.3.1/../../../../pic32c/lib/thumb/v7e-m+fp/hard\libc-musl.a(memset.o)
 .debug_line    0x0000b5ad       0xe4 c:/program files/microchip/xc32/v4.20/bin/bin/../../lib/gcc/pic32c/8.3.1/../../../../pic32c/lib/thumb/v7e-m+fp/hard\libc-musl.a(strlen.o)
 .debug_line    0x0000b691       0xb8 c:/program files/microchip/xc32/v4.20/bin/bin/../../lib/gcc/pic32c/8.3.1/../../../../pic32c/lib/thumb/v7e-m+fp/hard\libc-musl.a(strchr.o)
 .debug_line    0x0000b749      0x192 c:/program files/microchip/xc32/v4.20/bin/bin/../../lib/gcc/pic32c/8.3.1/../../../../pic32c/lib/thumb/v7e-m+fp/hard\libc-musl.a(strchrnul.o)
 .debug_line    0x0000b8db       0xc0 c:/program files/microchip/xc32/v4.20/bin/bin/../../lib/gcc/pic32c/8.3.1/../../../../pic32c/lib/thumb/v7e-m+fp/hard\libc-musl.a(strcmp.o)
 .debug_line    0x0000b99b       0xb3 c:/program files/microchip/xc32/v4.20/bin/bin/../../lib/gcc/pic32c/8.3.1/../../../../pic32c/lib/thumb/v7e-m+fp/hard\libc-musl.a(strcpy.o)
 .debug_line    0x0000ba4e       0xf1 c:/program files/microchip/xc32/v4.20/bin/bin/../../lib/gcc/pic32c/8.3.1/../../../../pic32c/lib/thumb/v7e-m+fp/hard\libc-musl.a(strncmp.o)
 .debug_line    0x0000bb3f       0xd3 c:/program files/microchip/xc32/v4.20/bin/bin/../../lib/gcc/pic32c/8.3.1/../../../../pic32c/lib/thumb/v7e-m+fp/hard\libc-musl.a(strncpy.o)
 .debug_line    0x0000bc12      0x170 c:/program files/microchip/xc32/v4.20/bin/bin/../../lib/gcc/pic32c/8.3.1/../../../../pic32c/lib/thumb/v7e-m+fp/hard\libc-musl.a(strtok.o)
 .debug_line    0x0000bd82      0x107 c:/program files/microchip/xc32/v4.20/bin/bin/../../lib/gcc/pic32c/8.3.1/../../../../pic32c/lib/thumb/v7e-m+fp/hard\libc-musl.a(__environ.o)
 .debug_line    0x0000be89       0xa0 c:/program files/microchip/xc32/v4.20/bin/bin/../../lib/gcc/pic32c/8.3.1/../../../../pic32c/lib/thumb/v7e-m+fp/hard\libc-musl.a(__errno_location.o)
 .debug_line    0x0000bf29      0x246 c:/program files/microchip/xc32/v4.20/bin/bin/../../lib/gcc/pic32c/8.3.1/../../../../pic32c/lib/thumb/v7e-m+fp/hard\libc-musl.a(fputs.o)
 .debug_line    0x0000c16f      0x1ff c:/program files/microchip/xc32/v4.20/bin/bin/../../lib/gcc/pic32c/8.3.1/../../../../pic32c/lib/thumb/v7e-m+fp/hard\libc-musl.a(fwrite.o)
 .debug_line    0x0000c36e      0x1aa c:/program files/microchip/xc32/v4.20/bin/bin/../../lib/gcc/pic32c/8.3.1/../../../../pic32c/lib/thumb/v7e-m+fp/hard\libc-musl.a(putc.o)
 .debug_line    0x0000c518      0x18d c:/program files/microchip/xc32/v4.20/bin/bin/../../lib/gcc/pic32c/8.3.1/../../../../pic32c/lib/thumb/v7e-m+fp/hard\libc-musl.a(stdout.o)
 .debug_line    0x0000c6a5      0x1f8 c:/program files/microchip/xc32/v4.20/bin/bin/../../lib/gcc/pic32c/8.3.1/../../../../pic32c/lib/thumb/v7e-m+fp/hard\libc-musl.a(vfprintf.o)
 .debug_line    0x0000c89d       0xc7 c:/program files/microchip/xc32/v4.20/bin/bin/../../lib/gcc/pic32c/8.3.1/../../../../pic32c/lib/thumb/v7e-m+fp/hard\libc-musl.a(stpcpy.o)
 .debug_line    0x0000c964      0x112 c:/program files/microchip/xc32/v4.20/bin/bin/../../lib/gcc/pic32c/8.3.1/../../../../pic32c/lib/thumb/v7e-m+fp/hard\libc-musl.a(stpncpy.o)
 .debug_line    0x0000ca76      0x18c c:/program files/microchip/xc32/v4.20/bin/bin/../../lib/gcc/pic32c/8.3.1/../../../../pic32c/lib/thumb/v7e-m+fp/hard\libc-musl.a(strcspn.o)
 .debug_line    0x0000cc02      0x12d c:/program files/microchip/xc32/v4.20/bin/bin/../../lib/gcc/pic32c/8.3.1/../../../../pic32c/lib/thumb/v7e-m+fp/hard\libc-musl.a(strspn.o)
 .debug_line    0x0000cd2f      0x231 c:/program files/microchip/xc32/v4.20/bin/bin/../../lib/gcc/pic32c/8.3.1/../../../../pic32c/lib/thumb/v7e-m+fp/hard\libc-musl.a(__out.o)
 .debug_line    0x0000cf60      0x171 c:/program files/microchip/xc32/v4.20/bin/bin/../../lib/gcc/pic32c/8.3.1/../../../../pic32c/lib/thumb/v7e-m+fp/hard\libc-musl.a(__pop_float.o)
 .debug_line    0x0000d0d1      0x20c c:/program files/microchip/xc32/v4.20/bin/bin/../../lib/gcc/pic32c/8.3.1/../../../../pic32c/lib/thumb/v7e-m+fp/hard\libc-musl.a(__pop_int.o)
 .debug_line    0x0000d2dd      0x1ec c:/program files/microchip/xc32/v4.20/bin/bin/../../lib/gcc/pic32c/8.3.1/../../../../pic32c/lib/thumb/v7e-m+fp/hard\libc-musl.a(__pop_ptr.o)
 .debug_line    0x0000d4c9      0x69b c:/program files/microchip/xc32/v4.20/bin/bin/../../lib/gcc/pic32c/8.3.1/../../../../pic32c/lib/thumb/v7e-m+fp/hard\libc-musl.a(__printf_core.o)
 .debug_line    0x0000db64      0x173 c:/program files/microchip/xc32/v4.20/bin/bin/../../lib/gcc/pic32c/8.3.1/../../../../pic32c/lib/thumb/v7e-m+fp/hard\libc-musl.a(atoi.o)
 .debug_line    0x0000dcd7      0x163 c:/program files/microchip/xc32/v4.20/bin/bin/../../lib/gcc/pic32c/8.3.1/../../../../pic32c/lib/thumb/v7e-m+fp/hard\libc-musl.a(tolower.o)
 .debug_line    0x0000de3a      0x63b c:/program files/microchip/xc32/v4.20/bin/bin/../../lib/gcc/pic32c/8.3.1/../../../../pic32c/lib/thumb/v7e-m+fp/hard\libc-musl.a(__fmt_a.o)
 .debug_line    0x0000e475      0x20b c:/program files/microchip/xc32/v4.20/bin/bin/../../lib/gcc/pic32c/8.3.1/../../../../pic32c/lib/thumb/v7e-m+fp/hard\libc-musl.a(__fmt_d.o)
 .debug_line    0x0000e680      0x680 c:/program files/microchip/xc32/v4.20/bin/bin/../../lib/gcc/pic32c/8.3.1/../../../../pic32c/lib/thumb/v7e-m+fp/hard\libc-musl.a(__fmt_fp.o)
 .debug_line    0x0000ed00      0x1b5 c:/program files/microchip/xc32/v4.20/bin/bin/../../lib/gcc/pic32c/8.3.1/../../../../pic32c/lib/thumb/v7e-m+fp/hard\libc-musl.a(__fmt_o.o)
 .debug_line    0x0000eeb5      0x1fd c:/program files/microchip/xc32/v4.20/bin/bin/../../lib/gcc/pic32c/8.3.1/../../../../pic32c/lib/thumb/v7e-m+fp/hard\libc-musl.a(__fmt_s.o)
 .debug_line    0x0000f0b2      0x23f c:/program files/microchip/xc32/v4.20/bin/bin/../../lib/gcc/pic32c/8.3.1/../../../../pic32c/lib/thumb/v7e-m+fp/hard\libc-musl.a(__fmt_u.o)
 .debug_line    0x0000f2f1      0x2df c:/program files/microchip/xc32/v4.20/bin/bin/../../lib/gcc/pic32c/8.3.1/../../../../pic32c/lib/thumb/v7e-m+fp/hard\libc-musl.a(__fmt_x.o)
 .debug_line    0x0000f5d0       0xce c:/program files/microchip/xc32/v4.20/bin/bin/../../lib/gcc/pic32c/8.3.1/../../../../pic32c/lib/thumb/v7e-m+fp/hard\libc-musl.a(__init_stdio.o)
 .debug_line    0x0000f69e      0x163 c:/program files/microchip/xc32/v4.20/bin/bin/../../lib/gcc/pic32c/8.3.1/../../../../pic32c/lib/thumb/v7e-m+fp/hard\libc-musl.a(toupper.o)
 .debug_line    0x0000f801       0x97 c:/program files/microchip/xc32/v4.20/bin/bin/../../lib/gcc/pic32c/8.3.1/thumb/v7e-m+fp/hard\libgcc.a(_aeabi_uldivmod.o)
 .debug_line    0x0000f898      0x366 c:/program files/microchip/xc32/v4.20/bin/bin/../../lib/gcc/pic32c/8.3.1/thumb/v7e-m+fp/hard\libgcc.a(_udivmoddi4.o)
 .debug_line    0x0000fbfe       0x97 c:/program files/microchip/xc32/v4.20/bin/bin/../../lib/gcc/pic32c/8.3.1/thumb/v7e-m+fp/hard\libgcc.a(_dvmd_tls.o)

.debug_str      0x00000000     0x1509
 .debug_str     0x00000000        0x0 build/mcp9808/production/_ext/1998409442/bsp.o
 .debug_str     0x00000000       0xa5 build/mcp9808/production/_ext/1243884746/drv_mcp9808.o
 .debug_str     0x000000a5      0x1bf build/mcp9808/production/_ext/136144951/drv_i2c.o
 .debug_str     0x00000264      0x13b build/mcp9808/production/_ext/1820763632/osal_freertos.o
 .debug_str     0x0000039f       0x1e build/mcp9808/production/_ext/1885943492/plib_clock.o
 .debug_str     0x000003bd        0x0 build/mcp9808/production/_ext/1883794006/plib_evsys.o
 .debug_str     0x000003bd        0xa build/mcp9808/production/_ext/1324973556/plib_nvic.o
 .debug_str     0x000003c7       0x20 build/mcp9808/production/_ext/1541565758/plib_nvmctrl.o
 .debug_str     0x000003e7        0xb build/mcp9808/production/_ext/1325026707/plib_port.o
 .debug_str     0x000003f2      0x175 build/mcp9808/production/_ext/1646999677/plib_sercom6_i2c_master.o
 .debug_str     0x00000567      0x1c8 build/mcp9808/production/_ext/1027107927/plib_sercom1_usart.o
 .debug_str     0x0000072f        0x0 build/mcp9808/production/_ext/605370968/xc32_monitor.o
 .debug_str     0x0000072f       0xcb build/mcp9808/production/_ext/1427623807/sys_command.o
 .debug_str     0x000007fa       0x58 build/mcp9808/production/_ext/1884335987/sys_console.o
 .debug_str     0x00000852       0xb3 build/mcp9808/production/_ext/1884335987/sys_console_uart.o
 .debug_str     0x00000905       0x32 build/mcp9808/production/_ext/1587138469/sys_int.o
 .debug_str     0x00000937        0x0 build/mcp9808/production/_ext/1581363856/sys_reset.o
 .debug_str     0x00000937       0x2f build/mcp9808/production/_ext/519814254/startup_xc32.o
 .debug_str     0x00000966      0x1a2 build/mcp9808/production/_ext/519814254/initialization.o